Microchip MPLAB XC8 Compiler V1.30 ()

Linker command line:

--edf=C:\Program Files\Microchip\xc8\v1.30\dat\en_msgs.txt -cs \
  -h+dist/default/production\exp10.X.production.sym \
  --cmf=dist/default/production\exp10.X.production.cmf -z -Q18F4550 \
  -oC:\Users\MICROE~1\AppData\Local\Temp\s50c.6 \
  -Mdist/default/production/exp10.X.production.map -E1 -ver=XC8 \
  -ASTACK=060h-07ffh -pstack=STACK -ACODE=0800h-07FFFh -ACONST=0800h-07FFFh \
  -ASMALLCONST=0800h-08FFhx120 -AMEDIUMCONST=0800h-07FFFh -ACOMRAM=01h-05Fh \
  -AABS1=00h-07FFh -ABIGRAM=01h-07FFh -ARAM=060h-0FFh,0100h-01FFhx7 \
  -ABANK0=060h-0FFh -ABANK1=0100h-01FFh -ABANK2=0200h-02FFh \
  -ABANK3=0300h-03FFh -ABANK4=0400h-04FFh -ABANK5=0500h-05FFh \
  -ABANK6=0600h-06FFh -ABANK7=0700h-07FFh -ASFR=0F60h-0FFFh \
  -preset_vec=0800h,intcode=0808h,intcodelo,powerup,init,end_init \
  -pramtop=0800h -psmallconst=SMALLCONST -pmediumconst=MEDIUMCONST \
  -pconst=CONST -AFARRAM=00h-00h -ACONFIG=0300000h-030000Dh -pconfig=CONFIG \
  -AIDLOC=0200000h-0200007h -pidloc=IDLOC -AEEDATA=0F00000h-0F000FFh \
  -peeprom_data=EEDATA \
  -prdata=COMRAM,nvrram=COMRAM,nvbit=COMRAM,rbss=COMRAM,rbit=COMRAM \
  -pfarbss=FARRAM,fardata=FARRAM,nvFARRAM=FARRAM \
  -pintsave_regs=BIGRAM,bigbss=BIGRAM,bigdata=BIGRAM -pbss=RAM \
  -pidata=CODE,irdata=CODE,ibigdata=CODE,ifardata=CODE \
  C:\Users\MICROE~1\AppData\Local\Temp\s50c.obj \
  dist/default/production\exp10.X.production.obj 

Object code version is 3.11

Machine type is 18F4550

Call graph: (short form)




                Name                               Link     Load   Length Selector   Space Scale
C:\Users\MICROE~1\AppData\Local\Temp\s50c.obj
                end_init                            814      814        4      404       0
                reset_vec                           800      800        4      400       0
                idloc                            200000   200000        8   200000       0
                config                           300000   300000        E   300000       0
dist/default/production\exp10.X.production.obj
                intcode                             808      808        C      404       0
                smallconst                          818      818       12      40C       0
                intcode_body                        8B8      8B8       70      415       0
                text7                               A82      A82        8      415       0
                text6                               98E      98E       36      415       0
                text5                               A46      A46       28      415       0
                text4                               9F2      9F2       2C      415       0
                text3                               A7A      A7A        8      415       0
                text2                               A1E      A1E       28      415       0
                text1                               928      928       66      415       0
                text0                               82A      82A       8E      415       0
                cstackCOMRAM                          1        1       2D        1       1
                dataCOMRAM                           2E       2E        C        1       1
                cinit                               9C4      9C4       2E      415       0
                idataCOMRAM                         A6E      A6E        C      415       0

TOTAL           Name                               Link     Load   Length     Space
        CLASS   STACK          

        CLASS   CODE           
                end_init                            814      814        4         0
                intcode                             808      808        C         0
                reset_vec                           800      800        4         0
                intcode_body                        8B8      8B8       70         0
                text7                               A82      A82        8         0
                text6                               98E      98E       36         0
                text5                               A46      A46       28         0
                text4                               9F2      9F2       2C         0
                text3                               A7A      A7A        8         0
                text2                               A1E      A1E       28         0
                text1                               928      928       66         0
                text0                               82A      82A       8E         0
                cinit                               9C4      9C4       2E         0
                idataCOMRAM                         A6E      A6E        C         0

        CLASS   CONST          

        CLASS   SMALLCONST     
                smallconst                          818      818       12         0

        CLASS   MEDIUMCONST    

        CLASS   COMRAM         
                cstackCOMRAM                          1        1       2D         1
                dataCOMRAM                           2E       2E        C         1

        CLASS   ABS1           

        CLASS   BIGRAM         

        CLASS   RAM            

        CLASS   BANK0          

        CLASS   BANK1          

        CLASS   BANK2          

        CLASS   BANK3          

        CLASS   BANK4          

        CLASS   BANK5          

        CLASS   BANK6          

        CLASS   BANK7          

        CLASS   SFR            

        CLASS   FARRAM         

        CLASS   CONFIG         
                config                           300000   300000        E         0

        CLASS   IDLOC          
                idloc                            200000   200000        8         0

        CLASS   EEDATA         



SEGMENTS        Name                           Load    Length   Top    Selector   Space  Class

                cstackCOMRAM                   000001  000039  00003A         1       1  COMRAM  
                reset_vec                      000800  000004  000804       400       0  CODE    
                intcode                        000808  000010  000818       404       0  CODE    
                smallconst                     000818  000012  00082A       40C       0  SMALLCON
                text0                          00082A  000260  000A8A       415       0  CODE    
                idloc                          200000  000008  200008    200000       0  IDLOC   
                config                         300000  00000E  30000E    300000       0  CONFIG  


UNUSED ADDRESS RANGES

        Name                Unused          Largest block    Delta
        BANK0            000060-0000FF               A0
        BANK1            000100-0001FF              100
        BANK2            000200-0002FF              100
        BANK3            000300-0003FF              100
        BANK4            000400-0004FF              100
        BANK5            000500-0005FF              100
        BANK6            000600-0006FF              100
        BANK7            000700-0007FF              100
        BIGRAM           00003A-0007FF              7C6
        CODE             000804-000807                4
                         000A8A-007FFF             7576
        COMRAM           00003A-00005F               26
        CONST            000804-000807                4
                         000A8A-007FFF             7576
        EEDATA           F00000-F000FF              100
        FARRAM           000000-000000                1
        MEDIUMCONST      000804-000807                4
                         000A8A-007FFF             7576
        RAM              000060-0007FF              100
        SFR              000F60-000FFF               A0
        SMALLCONST       000804-000807                4
                         000A8A-007FFF              100
        STACK            000060-0007FF              7A0

                                  Symbol Table

SendData@lcddata            cstackCOMRAM 000015
SendInstruction@command     cstackCOMRAM 000015
_ADCON1                     (abs)        000FC1
_Disable_Interrupt          text7        000A82
_Enable_Interrupt           text3        000A7A
_GIE                        (abs)        007F97
_IDLEN                      (abs)        007E9F
_INT1IE                     (abs)        007F83
_INT1IF                     (abs)        007F80
_InitLCD                    text4        0009F2
_LATAbits                   (abs)        000F89
_LATB                       (abs)        000F8A
_SendData                   text2        000A1E
_SendInstruction            text5        000A46
_TRISAbits                  (abs)        000F92
_TRISB                      (abs)        000F93
_TRISBbits                  (abs)        000F93
__HRAM                      (abs)        000000
__Habs1                     abs1         000000
__Hbank0                    bank0        000000
__Hbank1                    bank1        000000
__Hbank2                    bank2        000000
__Hbank3                    bank3        000000
__Hbank4                    bank4        000000
__Hbank5                    bank5        000000
__Hbank6                    bank6        000000
__Hbank7                    bank7        000000
__Hbigbss                   bigbss       000000
__Hbigdata                  bigdata      000000
__Hbigram                   bigram       000000
__Hbss                      bss          000000
__Hcinit                    cinit        000000
__Hclrtext                  clrtext      000000
__Hcomram                   comram       000000
__Hconfig                   config       30000E
__Hconst                    const        000000
__HcstackCOMRAM             cstackCOMRAM 000000
__Hdata                     data         000000
__HdataCOMRAM               dataCOMRAM   000000
__Heeprom_data              eeprom_data  000000
__Hend_init                 end_init     000818
__Hfarbss                   farbss       000000
__Hfardata                  fardata      000000
__Hibigdata                 ibigdata     000000
__Hidata                    idata        000000
__HidataCOMRAM              idataCOMRAM  000000
__Hidloc                    idloc        200008
__Hifardata                 ifardata     000000
__Hinit                     init         000814
__Hintcode                  intcode      000814
__Hintcode_body             intcode_body 000000
__Hintcodelo                intcodelo    000814
__Hintentry                 intentry     000000
__Hintret                   intret       000000
__Hintsave_regs             intsave_regs 000000
__Hirdata                   irdata       000000
__Hmediumconst              mediumconst  000000
__HnvFARRAM                 nvFARRAM     000000
__Hnvbit                    nvbit        000000
__Hnvrram                   nvrram       000000
__Hparam                    rparam       000000
__Hpowerup                  powerup      000814
__Hram                      ram          000000
__Hramtop                   ramtop       000800
__Hrbit                     rbit         000000
__Hrbss                     rbss         000000
__Hrdata                    rdata        000000
__Hreset_vec                reset_vec    000804
__Hrparam                   rparam       000000
__Hsfr                      sfr          000000
__Hsmallconst               smallconst   00082A
__Hstack                    stack        000000
__Hstruct                   struct       000000
__Htemp                     temp         000000
__Htext                     text         000000
__Htext0                    text0        000000
__Htext1                    text1        000000
__Htext2                    text2        000000
__Htext3                    text3        000000
__Htext4                    text4        000000
__Htext5                    text5        000000
__Htext6                    text6        000000
__Htext7                    text7        000000
__LRAM                      (abs)        000001
__Labs1                     abs1         000000
__Lbank0                    bank0        000000
__Lbank1                    bank1        000000
__Lbank2                    bank2        000000
__Lbank3                    bank3        000000
__Lbank4                    bank4        000000
__Lbank5                    bank5        000000
__Lbank6                    bank6        000000
__Lbank7                    bank7        000000
__Lbigbss                   bigbss       000000
__Lbigdata                  bigdata      000000
__Lbigram                   bigram       000000
__Lbss                      bss          000000
__Lcinit                    cinit        000000
__Lclrtext                  clrtext      000000
__Lcomram                   comram       000000
__Lconfig                   config       300000
__Lconst                    const        000000
__LcstackCOMRAM             cstackCOMRAM 000000
__Ldata                     data         000000
__LdataCOMRAM               dataCOMRAM   000000
__Leeprom_data              eeprom_data  000000
__Lend_init                 end_init     000814
__Lfarbss                   farbss       000000
__Lfardata                  fardata      000000
__Libigdata                 ibigdata     000000
__Lidata                    idata        000000
__LidataCOMRAM              idataCOMRAM  000000
__Lidloc                    idloc        200000
__Lifardata                 ifardata     000000
__Linit                     init         000814
__Lintcode                  intcode      000808
__Lintcode_body             intcode_body 000000
__Lintcodelo                intcodelo    000814
__Lintentry                 intentry     000000
__Lintret                   intret       000000
__Lintsave_regs             intsave_regs 000000
__Lirdata                   irdata       000000
__Lmediumconst              mediumconst  000000
__LnvFARRAM                 nvFARRAM     000000
__Lnvbit                    nvbit        000000
__Lnvrram                   nvrram       000000
__Lparam                    rparam       000000
__Lpowerup                  powerup      000814
__Lram                      ram          000000
__Lramtop                   ramtop       000800
__Lrbit                     rbit         000000
__Lrbss                     rbss         000000
__Lrdata                    rdata        000000
__Lreset_vec                reset_vec    000800
__Lrparam                   rparam       000000
__Lsfr                      sfr          000000
__Lsmallconst               smallconst   000818
__Lstack                    stack        000000
__Lstruct                   struct       000000
__Ltemp                     temp         000000
__Ltext                     text         000000
__Ltext0                    text0        000000
__Ltext1                    text1        000000
__Ltext2                    text2        000000
__Ltext3                    text3        000000
__Ltext4                    text4        000000
__Ltext5                    text5        000000
__Ltext6                    text6        000000
__Ltext7                    text7        000000
__S0                        (abs)        30000E
__S1                        (abs)        00003A
__S2                        (abs)        000000
___inthi_sp                 stack        000000
___intlo_sp                 stack        000000
___sp                       stack        000000
__accesstop                 (abs)        000060
__activetblptr              (abs)        000001
__end_of_Disable_Interrupt  text7        000A8A
__end_of_Enable_Interrupt   text3        000A82
__end_of_InitLCD            text4        000A1E
__end_of_SendData           text2        000A46
__end_of_SendInstruction    text5        000A6E
__end_of__initialization    cinit        0009E4
__end_of__stringdata        smallconst   000829
__end_of_delay              text6        0009C4
__end_of_isr                intcode_body 000928
__end_of_main               text0        0008B8
__end_of_power_down         text1        00098E
__initialization            cinit        0009C4
__mediumconst               mediumconst  000000
__pcinit                    cinit        0009C4
__pcstackCOMRAM             cstackCOMRAM 000001
__pdataCOMRAM               dataCOMRAM   00002E
__pidataCOMRAM              idataCOMRAM  000A6E
__pintcode                  intcode      000808
__pintcode_body             intcode_body 0008B8
__psmallconst               smallconst   000818
__ptext0                    text0        00082A
__ptext1                    text1        000928
__ptext2                    text2        000A1E
__ptext3                    text3        000A7A
__ptext4                    text4        0009F2
__ptext5                    text5        000A46
__ptext6                    text6        00098E
__ptext7                    text7        000A82
__ramtop                    ramtop       000800
__size_of_Disable_Interrupt (abs)        000000
__size_of_Enable_Interrupt  (abs)        000000
__size_of_InitLCD           (abs)        000000
__size_of_SendData          (abs)        000000
__size_of_SendInstruction   (abs)        000000
__size_of_delay             (abs)        000000
__size_of_isr               (abs)        000000
__size_of_main              (abs)        000000
__size_of_power_down        (abs)        000000
__smallconst                smallconst   000818
__stringdata                smallconst   000819
_delay                      text6        00098E
_isr                        intcode      000808
_main                       text0        00082A
_power_down                 text1        000928
delay@i                     cstackCOMRAM 000011
delay@j                     cstackCOMRAM 000013
delay@time                  cstackCOMRAM 00000F
end_of_initialization       cinit        0009E4
int_func                    intcode_body 0008B8
intlevel0                   text         000000
intlevel1                   text         000000
intlevel2                   text         000000
intlevel3                   text         000000
main@F4440                  dataCOMRAM   00002E
main@i                      cstackCOMRAM 00002C
main@j                      cstackCOMRAM 00002A
main@string                 cstackCOMRAM 00001E
power_down@i                cstackCOMRAM 00001C
power_down@mode             cstackCOMRAM 000016
power_down@string           cstackCOMRAM 00001A
stackhi                     (abs)        0007FF
stacklo                     (abs)        000060
start                       init         000814
start_initialization        cinit        0009C4


FUNCTION INFORMATION:

 *************** function _main *****************
 Defined at:
		line 93 in file "main.c"
 Parameters:    Size  Location     Type
		None
 Auto vars:     Size  Location     Type
  string         12   29[COMRAM] unsigned char [12]
  i               2   43[COMRAM] int 
  j               2   41[COMRAM] int 
 Return value:  Size  Location     Type
		None               void
 Registers used:
		wreg, fsr1l, fsr1h, fsr2l, fsr2h, status,2, status,0, tblptrl, tblptrh, tblptru, cstack
 Tracked objects:
		On entry : 
		On exit  : 
		Unchanged: 
 Data sizes:     COMRAM   BANK0   BANK1   BANK2   BANK3   BANK4   BANK5   BANK6   BANK7
      Params:         0       0       0       0       0       0       0       0       0
      Locals:        16       0       0       0       0       0       0       0       0
      Temps:          0       0       0       0       0       0       0       0       0
      Totals:        16       0       0       0       0       0       0       0       0
Total ram usage:       16 bytes
 Hardware stack levels required when called:    4
 This function calls:
		_Disable_Interrupt
		_InitLCD
		_SendData
		_SendInstruction
		_delay
		_power_down
 This function is called by:
		Startup code after reset
 This function uses a non-reentrant model


 *************** function _power_down *****************
 Defined at:
		line 79 in file "main.c"
 Parameters:    Size  Location     Type
  mode            2   21[COMRAM] unsigned int 
 Auto vars:     Size  Location     Type
  i               2   27[COMRAM] int 
  string          2   25[COMRAM] PTR unsigned char 
		 -> STR_1(16), 
 Return value:  Size  Location     Type
		None               void
 Registers used:
		wreg, status,2, status,0, tblptrl, tblptrh, tblptru, cstack
 Tracked objects:
		On entry : 
		On exit  : 
		Unchanged: 
 Data sizes:     COMRAM   BANK0   BANK1   BANK2   BANK3   BANK4   BANK5   BANK6   BANK7
      Params:         2       0       0       0       0       0       0       0       0
      Locals:         4       0       0       0       0       0       0       0       0
      Temps:          2       0       0       0       0       0       0       0       0
      Totals:         8       0       0       0       0       0       0       0       0
Total ram usage:        8 bytes
 Hardware stack levels used:    1
 Hardware stack levels required when called:    3
 This function calls:
		_Enable_Interrupt
		_SendData
		_SendInstruction
 This function is called by:
		_main
 This function uses a non-reentrant model


 *************** function _SendData *****************
 Defined at:
		line 30 in file "main.c"
 Parameters:    Size  Location     Type
  lcddata         1    wreg     unsigned char 
 Auto vars:     Size  Location     Type
  lcddata         1   20[COMRAM] unsigned char 
 Return value:  Size  Location     Type
		None               void
 Registers used:
		wreg, status,2, status,0, cstack
 Tracked objects:
		On entry : 
		On exit  : 
		Unchanged: 
 Data sizes:     COMRAM   BANK0   BANK1   BANK2   BANK3   BANK4   BANK5   BANK6   BANK7
      Params:         0       0       0       0       0       0       0       0       0
      Locals:         1       0       0       0       0       0       0       0       0
      Temps:          0       0       0       0       0       0       0       0       0
      Totals:         1       0       0       0       0       0       0       0       0
Total ram usage:        1 bytes
 Hardware stack levels used:    1
 Hardware stack levels required when called:    2
 This function calls:
		_delay
 This function is called by:
		_power_down
		_main
 This function uses a non-reentrant model


 *************** function _Enable_Interrupt *****************
 Defined at:
		line 56 in file "main.c"
 Parameters:    Size  Location     Type
		None
 Auto vars:     Size  Location     Type
		None
 Return value:  Size  Location     Type
		None               void
 Registers used:
		None
 Tracked objects:
		On entry : 
		On exit  : 
		Unchanged: 
 Data sizes:     COMRAM   BANK0   BANK1   BANK2   BANK3   BANK4   BANK5   BANK6   BANK7
      Params:         0       0       0       0       0       0       0       0       0
      Locals:         0       0       0       0       0       0       0       0       0
      Temps:          0       0       0       0       0       0       0       0       0
      Totals:         0       0       0       0       0       0       0       0       0
Total ram usage:        0 bytes
 Hardware stack levels used:    1
 Hardware stack levels required when called:    1
 This function calls:
		Nothing
 This function is called by:
		_power_down
 This function uses a non-reentrant model


 *************** function _InitLCD *****************
 Defined at:
		line 40 in file "main.c"
 Parameters:    Size  Location     Type
		None
 Auto vars:     Size  Location     Type
		None
 Return value:  Size  Location     Type
		None               void
 Registers used:
		wreg, status,2, status,0, cstack
 Tracked objects:
		On entry : 
		On exit  : 
		Unchanged: 
 Data sizes:     COMRAM   BANK0   BANK1   BANK2   BANK3   BANK4   BANK5   BANK6   BANK7
      Params:         0       0       0       0       0       0       0       0       0
      Locals:         0       0       0       0       0       0       0       0       0
      Temps:          0       0       0       0       0       0       0       0       0
      Totals:         0       0       0       0       0       0       0       0       0
Total ram usage:        0 bytes
 Hardware stack levels used:    1
 Hardware stack levels required when called:    3
 This function calls:
		_SendInstruction
 This function is called by:
		_main
 This function uses a non-reentrant model


 *************** function _SendInstruction *****************
 Defined at:
		line 20 in file "main.c"
 Parameters:    Size  Location     Type
  command         1    wreg     unsigned char 
 Auto vars:     Size  Location     Type
  command         1   20[COMRAM] unsigned char 
 Return value:  Size  Location     Type
		None               void
 Registers used:
		wreg, status,2, status,0, cstack
 Tracked objects:
		On entry : 
		On exit  : 
		Unchanged: 
 Data sizes:     COMRAM   BANK0   BANK1   BANK2   BANK3   BANK4   BANK5   BANK6   BANK7
      Params:         0       0       0       0       0       0       0       0       0
      Locals:         1       0       0       0       0       0       0       0       0
      Temps:          0       0       0       0       0       0       0       0       0
      Totals:         1       0       0       0       0       0       0       0       0
Total ram usage:        1 bytes
 Hardware stack levels used:    1
 Hardware stack levels required when called:    2
 This function calls:
		_delay
 This function is called by:
		_InitLCD
		_power_down
		_main
 This function uses a non-reentrant model


 *************** function _delay *****************
 Defined at:
		line 9 in file "main.c"
 Parameters:    Size  Location     Type
  time            2   14[COMRAM] unsigned int 
 Auto vars:     Size  Location     Type
  j               2   18[COMRAM] unsigned int 
  i               2   16[COMRAM] unsigned int 
 Return value:  Size  Location     Type
		None               void
 Registers used:
		wreg, status,2, status,0
 Tracked objects:
		On entry : 
		On exit  : 
		Unchanged: 
 Data sizes:     COMRAM   BANK0   BANK1   BANK2   BANK3   BANK4   BANK5   BANK6   BANK7
      Params:         2       0       0       0       0       0       0       0       0
      Locals:         4       0       0       0       0       0       0       0       0
      Temps:          0       0       0       0       0       0       0       0       0
      Totals:         6       0       0       0       0       0       0       0       0
Total ram usage:        6 bytes
 Hardware stack levels used:    1
 Hardware stack levels required when called:    1
 This function calls:
		Nothing
 This function is called by:
		_SendInstruction
		_SendData
		_main
 This function uses a non-reentrant model


 *************** function _Disable_Interrupt *****************
 Defined at:
		line 63 in file "main.c"
 Parameters:    Size  Location     Type
		None
 Auto vars:     Size  Location     Type
		None
 Return value:  Size  Location     Type
		None               void
 Registers used:
		None
 Tracked objects:
		On entry : 
		On exit  : 
		Unchanged: 
 Data sizes:     COMRAM   BANK0   BANK1   BANK2   BANK3   BANK4   BANK5   BANK6   BANK7
      Params:         0       0       0       0       0       0       0       0       0
      Locals:         0       0       0       0       0       0       0       0       0
      Temps:          0       0       0       0       0       0       0       0       0
      Totals:         0       0       0       0       0       0       0       0       0
Total ram usage:        0 bytes
 Hardware stack levels used:    1
 Hardware stack levels required when called:    1
 This function calls:
		Nothing
 This function is called by:
		_main
 This function uses a non-reentrant model


 *************** function _isr *****************
 Defined at:
		line 71 in file "main.c"
 Parameters:    Size  Location     Type
		None
 Auto vars:     Size  Location     Type
		None
 Return value:  Size  Location     Type
		None               void
 Registers used:
		None
 Tracked objects:
		On entry : 
		On exit  : 
		Unchanged: 
 Data sizes:     COMRAM   BANK0   BANK1   BANK2   BANK3   BANK4   BANK5   BANK6   BANK7
      Params:         0       0       0       0       0       0       0       0       0
      Locals:         0       0       0       0       0       0       0       0       0
      Temps:         14       0       0       0       0       0       0       0       0
      Totals:        14       0       0       0       0       0       0       0       0
Total ram usage:       14 bytes
 Hardware stack levels used:    1
 This function calls:
		Nothing
 This function is called by:
		Interrupt level 2
 This function uses a non-reentrant model



MODULE INFORMATION

Module		Function		Class		Link	Load	Size
shared
		__stringdata   		SMALLCONST     	0819	0000	16
		__initializatio		CODE           	09C4	0000	32

shared estimated size: 48

main.c
		_delay         		CODE           	098E	0000	54
		_Disable_Interr		CODE           	0A82	0000	8
		_main          		CODE           	082A	0000	142
		_SendData      		CODE           	0A1E	0000	40
		_SendInstructio		CODE           	0A46	0000	40
		_power_down    		CODE           	0928	0000	102
		_isr           		CODE           	0808	0000	288
		_InitLCD       		CODE           	09F2	0000	44
		_Enable_Interru		CODE           	0A7A	0000	8

main.c estimated size: 726

