Microchip MPLAB XC8 Compiler V1.30 ()

Linker command line:

--edf=C:\Program Files\Microchip\xc8\v1.30\dat\en_msgs.txt -cs \
  -h+dist/default/production\keypad.X.production.sym \
  --cmf=dist/default/production\keypad.X.production.cmf -z -Q18F4550 \
  -oC:\Users\MICROE~1\AppData\Local\Temp\s5lg.6 \
  -Mdist/default/production/keypad.X.production.map -E1 -ver=XC8 \
  -ASTACK=060h-07ffh -pstack=STACK -ACODE=0800h-07FFFh -ACONST=0800h-07FFFh \
  -ASMALLCONST=0800h-08FFhx120 -AMEDIUMCONST=0800h-07FFFh -ACOMRAM=01h-05Fh \
  -AABS1=00h-07FFh -ABIGRAM=01h-07FFh -ARAM=060h-0FFh,0100h-01FFhx7 \
  -ABANK0=060h-0FFh -ABANK1=0100h-01FFh -ABANK2=0200h-02FFh \
  -ABANK3=0300h-03FFh -ABANK4=0400h-04FFh -ABANK5=0500h-05FFh \
  -ABANK6=0600h-06FFh -ABANK7=0700h-07FFh -ASFR=0F60h-0FFFh \
  -preset_vec=0800h,intcode,intcodelo,powerup,init,end_init -pramtop=0800h \
  -psmallconst=SMALLCONST -pmediumconst=MEDIUMCONST -pconst=CONST \
  -AFARRAM=00h-00h -ACONFIG=0300000h-030000Dh -pconfig=CONFIG \
  -AIDLOC=0200000h-0200007h -pidloc=IDLOC -AEEDATA=0F00000h-0F000FFh \
  -peeprom_data=EEDATA \
  -prdata=COMRAM,nvrram=COMRAM,nvbit=COMRAM,rbss=COMRAM,rbit=COMRAM \
  -pfarbss=FARRAM,fardata=FARRAM,nvFARRAM=FARRAM \
  -pintsave_regs=BIGRAM,bigbss=BIGRAM,bigdata=BIGRAM -pbss=RAM \
  -pidata=CODE,irdata=CODE,ibigdata=CODE,ifardata=CODE \
  C:\Users\MICROE~1\AppData\Local\Temp\s5lg.obj \
  dist/default/production\keypad.X.production.obj 

Object code version is 3.11

Machine type is 18F4550

Call graph: (short form)




                Name                               Link     Load   Length Selector   Space Scale
C:\Users\MICROE~1\AppData\Local\Temp\s5lg.obj
                end_init                            800      800        4      400       0
                idloc                            200000   200000        8   200000       0
                config                           300000   300000        E   300000       0
dist/default/production\keypad.X.production.obj
                smallconst                          804      804       22      402       0
                text5                              7EEC     7EEC       36     3F76       0
                text4                              7E70     7E70       28     3F38       0
                text3                              7EC0     7EC0       2C     3F60       0
                text2                              7F82     7F82       7E     3FC1       0
                text1                              7E98     7E98       28     3F4C       0
                text0                              7F22     7F22       60     3F91       0
                cstackCOMRAM                          1        1        F        1       1
                cinit                              7E66     7E66        A     3F33       0

TOTAL           Name                               Link     Load   Length     Space
        CLASS   STACK          

        CLASS   CODE           
                end_init                            800      800        4         0
                text5                              7EEC     7EEC       36         0
                text4                              7E70     7E70       28         0
                text3                              7EC0     7EC0       2C         0
                text2                              7F82     7F82       7E         0
                text1                              7E98     7E98       28         0
                text0                              7F22     7F22       60         0
                cinit                              7E66     7E66        A         0

        CLASS   CONST          

        CLASS   SMALLCONST     
                smallconst                          804      804       22         0

        CLASS   MEDIUMCONST    

        CLASS   COMRAM         
                cstackCOMRAM                          1        1        F         1

        CLASS   ABS1           

        CLASS   BIGRAM         

        CLASS   RAM            

        CLASS   BANK0          

        CLASS   BANK1          

        CLASS   BANK2          

        CLASS   BANK3          

        CLASS   BANK4          

        CLASS   BANK5          

        CLASS   BANK6          

        CLASS   BANK7          

        CLASS   SFR            

        CLASS   FARRAM         

        CLASS   CONFIG         
                config                           300000   300000        E         0

        CLASS   IDLOC          
                idloc                            200000   200000        8         0

        CLASS   EEDATA         



SEGMENTS        Name                           Load    Length   Top    Selector   Space  Class

                cstackCOMRAM                   000001  00000F  000010         1       1  COMRAM  
                reset_vec                      000800  000004  000804       400       0  CODE    
                smallconst                     000804  000022  000826       402       0  SMALLCON
                cinit                          007E66  00000A  007E70      3F33       0  CODE    
                text4                          007E70  000028  007E98      3F38       0  CODE    
                text1                          007E98  000028  007EC0      3F4C       0  CODE    
                text3                          007EC0  00002C  007EEC      3F60       0  CODE    
                text5                          007EEC  000036  007F22      3F76       0  CODE    
                text0                          007F22  000060  007F82      3F91       0  CODE    
                text2                          007F82  00007E  008000      3FC1       0  CODE    
                idloc                          200000  000008  200008    200000       0  IDLOC   
                config                         300000  00000E  30000E    300000       0  CONFIG  


UNUSED ADDRESS RANGES

        Name                Unused          Largest block    Delta
        BANK0            000060-0000FF               A0
        BANK1            000100-0001FF              100
        BANK2            000200-0002FF              100
        BANK3            000300-0003FF              100
        BANK4            000400-0004FF              100
        BANK5            000500-0005FF              100
        BANK6            000600-0006FF              100
        BANK7            000700-0007FF              100
        BIGRAM           000010-0007FF              7F0
        CODE             000826-007E65             7640
        COMRAM           000010-00005F               50
        CONST            000826-007E65             7640
        EEDATA           F00000-F000FF              100
        FARRAM           000000-000000                1
        MEDIUMCONST      000826-007E65             7640
        RAM              000060-0007FF              100
        SFR              000F60-000FFF               A0
        SMALLCONST       000826-007E65              100
        STACK            000060-0007FF              7A0

                                  Symbol Table

ReadKey@i                 cstackCOMRAM 00000B
ReadKey@j                 cstackCOMRAM 00000C
ReadKey@key               cstackCOMRAM 00000A
ReadKey@row               cstackCOMRAM 000008
ReadKey@val               cstackCOMRAM 000009
SendData@lcddata          cstackCOMRAM 000007
SendInstruction@command   cstackCOMRAM 000007
_ADCON1                   (abs)        000FC1
_InitLCD                  text3        007EC0
_KeyLookupTbl             smallconst   000805
_LATAbits                 (abs)        000F89
_LATB                     (abs)        000F8A
_LATD                     (abs)        000F8C
_PORTD                    (abs)        000F83
_ReadKey                  text2        007F82
_SendData                 text1        007E98
_SendInstruction          text4        007E70
_TRISAbits                (abs)        000F92
_TRISB                    (abs)        000F93
_TRISD                    (abs)        000F95
__HRAM                    (abs)        000000
__Habs1                   abs1         000000
__Hbank0                  bank0        000000
__Hbank1                  bank1        000000
__Hbank2                  bank2        000000
__Hbank3                  bank3        000000
__Hbank4                  bank4        000000
__Hbank5                  bank5        000000
__Hbank6                  bank6        000000
__Hbank7                  bank7        000000
__Hbigbss                 bigbss       000000
__Hbigdata                bigdata      000000
__Hbigram                 bigram       000000
__Hbss                    bss          000000
__Hcinit                  cinit        000000
__Hclrtext                clrtext      000000
__Hcomram                 comram       000000
__Hconfig                 config       30000E
__Hconst                  const        000000
__HcstackCOMRAM           cstackCOMRAM 000000
__Hdata                   data         000000
__Heeprom_data            eeprom_data  000000
__Hend_init               end_init     000804
__Hfarbss                 farbss       000000
__Hfardata                fardata      000000
__Hibigdata               ibigdata     000000
__Hidata                  idata        000000
__Hidloc                  idloc        200008
__Hifardata               ifardata     000000
__Hinit                   init         000800
__Hintcode                intcode      000800
__Hintcode_body           intcode_body 000000
__Hintcodelo              intcodelo    000800
__Hintentry               intentry     000000
__Hintret                 intret       000000
__Hintsave_regs           intsave_regs 000000
__Hirdata                 irdata       000000
__Hmediumconst            mediumconst  000000
__HnvFARRAM               nvFARRAM     000000
__Hnvbit                  nvbit        000000
__Hnvrram                 nvrram       000000
__Hparam                  rparam       000000
__Hpowerup                powerup      000800
__Hram                    ram          000000
__Hramtop                 ramtop       000800
__Hrbit                   rbit         000000
__Hrbss                   rbss         000000
__Hrdata                  rdata        000000
__Hreset_vec              reset_vec    000800
__Hrparam                 rparam       000000
__Hsfr                    sfr          000000
__Hsmallconst             smallconst   000826
__Hstack                  stack        000000
__Hstruct                 struct       000000
__Htemp                   temp         000000
__Htext                   text         000000
__Htext0                  text0        000000
__Htext1                  text1        000000
__Htext2                  text2        000000
__Htext3                  text3        000000
__Htext4                  text4        000000
__Htext5                  text5        000000
__LRAM                    (abs)        000001
__Labs1                   abs1         000000
__Lbank0                  bank0        000000
__Lbank1                  bank1        000000
__Lbank2                  bank2        000000
__Lbank3                  bank3        000000
__Lbank4                  bank4        000000
__Lbank5                  bank5        000000
__Lbank6                  bank6        000000
__Lbank7                  bank7        000000
__Lbigbss                 bigbss       000000
__Lbigdata                bigdata      000000
__Lbigram                 bigram       000000
__Lbss                    bss          000000
__Lcinit                  cinit        000000
__Lclrtext                clrtext      000000
__Lcomram                 comram       000000
__Lconfig                 config       300000
__Lconst                  const        000000
__LcstackCOMRAM           cstackCOMRAM 000000
__Ldata                   data         000000
__Leeprom_data            eeprom_data  000000
__Lend_init               end_init     000800
__Lfarbss                 farbss       000000
__Lfardata                fardata      000000
__Libigdata               ibigdata     000000
__Lidata                  idata        000000
__Lidloc                  idloc        200000
__Lifardata               ifardata     000000
__Linit                   init         000800
__Lintcode                intcode      000800
__Lintcode_body           intcode_body 000000
__Lintcodelo              intcodelo    000800
__Lintentry               intentry     000000
__Lintret                 intret       000000
__Lintsave_regs           intsave_regs 000000
__Lirdata                 irdata       000000
__Lmediumconst            mediumconst  000000
__LnvFARRAM               nvFARRAM     000000
__Lnvbit                  nvbit        000000
__Lnvrram                 nvrram       000000
__Lparam                  rparam       000000
__Lpowerup                powerup      000800
__Lram                    ram          000000
__Lramtop                 ramtop       000800
__Lrbit                   rbit         000000
__Lrbss                   rbss         000000
__Lrdata                  rdata        000000
__Lreset_vec              reset_vec    000800
__Lrparam                 rparam       000000
__Lsfr                    sfr          000000
__Lsmallconst             smallconst   000804
__Lstack                  stack        000000
__Lstruct                 struct       000000
__Ltemp                   temp         000000
__Ltext                   text         000000
__Ltext0                  text0        000000
__Ltext1                  text1        000000
__Ltext2                  text2        000000
__Ltext3                  text3        000000
__Ltext4                  text4        000000
__Ltext5                  text5        000000
__S0                      (abs)        30000E
__S1                      (abs)        000010
__S2                      (abs)        000000
___inthi_sp               stack        000000
___intlo_sp               stack        000000
___sp                     stack        000000
__accesstop               (abs)        000060
__activetblptr            (abs)        000002
__end_of_InitLCD          text3        007EEC
__end_of_KeyLookupTbl     smallconst   000815
__end_of_ReadKey          text2        008000
__end_of_SendData         text1        007EC0
__end_of_SendInstruction  text4        007E98
__end_of__initialization  cinit        007E66
__end_of__stringdata      smallconst   000824
__end_of_lcd_delay        text5        007F22
__end_of_main             text0        007F82
__initialization          cinit        007E66
__mediumconst             mediumconst  000000
__pcinit                  cinit        007E66
__pcstackCOMRAM           cstackCOMRAM 000001
__psmallconst             smallconst   000804
__ptext0                  text0        007F22
__ptext1                  text1        007E98
__ptext2                  text2        007F82
__ptext3                  text3        007EC0
__ptext4                  text4        007E70
__ptext5                  text5        007EEC
__ramtop                  ramtop       000800
__size_of_InitLCD         (abs)        000000
__size_of_ReadKey         (abs)        000000
__size_of_SendData        (abs)        000000
__size_of_SendInstruction (abs)        000000
__size_of_lcd_delay       (abs)        000000
__size_of_main            (abs)        000000
__smallconst              smallconst   000804
__stringdata              smallconst   000815
_lcd_delay                text5        007EEC
_main                     text0        007F22
end_of_initialization     cinit        007E66
intlevel0                 text         000000
intlevel1                 text         000000
intlevel2                 text         000000
intlevel3                 text         000000
lcd_delay@i               cstackCOMRAM 000003
lcd_delay@j               cstackCOMRAM 000005
lcd_delay@time            cstackCOMRAM 000001
main@Key                  cstackCOMRAM 00000D
main@string1              cstackCOMRAM 00000E
stackhi                   (abs)        0007FF
stacklo                   (abs)        000060
start                     init         000800
start_initialization      cinit        007E66


FUNCTION INFORMATION:

 *************** function _main *****************
 Defined at:
		line 87 in file "keypad.c"
 Parameters:    Size  Location     Type
		None
 Auto vars:     Size  Location     Type
  str            16    0        unsigned char [16]
  string1         2   13[COMRAM] PTR unsigned char 
		 -> STR_1(15), 
  Key             1   12[COMRAM] unsigned char 
 Return value:  Size  Location     Type
		None               void
 Registers used:
		wreg, status,2, status,0, tblptrl, tblptrh, tblptru, prodl, prodh, cstack
 Tracked objects:
		On entry : 
		On exit  : 
		Unchanged: 
 Data sizes:     COMRAM   BANK0   BANK1   BANK2   BANK3   BANK4   BANK5   BANK6   BANK7
      Params:         0       0       0       0       0       0       0       0       0
      Locals:         3       0       0       0       0       0       0       0       0
      Temps:          0       0       0       0       0       0       0       0       0
      Totals:         3       0       0       0       0       0       0       0       0
Total ram usage:        3 bytes
 Hardware stack levels required when called:    3
 This function calls:
		_InitLCD
		_ReadKey
		_SendData
		_SendInstruction
		_lcd_delay
 This function is called by:
		Startup code after reset
 This function uses a non-reentrant model


 *************** function _SendData *****************
 Defined at:
		line 32 in file "keypad.c"
 Parameters:    Size  Location     Type
  lcddata         1    wreg     unsigned char 
 Auto vars:     Size  Location     Type
  lcddata         1    6[COMRAM] unsigned char 
 Return value:  Size  Location     Type
		None               void
 Registers used:
		wreg, status,2, status,0, cstack
 Tracked objects:
		On entry : 
		On exit  : 
		Unchanged: 
 Data sizes:     COMRAM   BANK0   BANK1   BANK2   BANK3   BANK4   BANK5   BANK6   BANK7
      Params:         0       0       0       0       0       0       0       0       0
      Locals:         1       0       0       0       0       0       0       0       0
      Temps:          0       0       0       0       0       0       0       0       0
      Totals:         1       0       0       0       0       0       0       0       0
Total ram usage:        1 bytes
 Hardware stack levels used:    1
 Hardware stack levels required when called:    1
 This function calls:
		_lcd_delay
 This function is called by:
		_main
 This function uses a non-reentrant model


 *************** function _ReadKey *****************
 Defined at:
		line 60 in file "keypad.c"
 Parameters:    Size  Location     Type
		None
 Auto vars:     Size  Location     Type
  j               1   11[COMRAM] unsigned char 
  i               1   10[COMRAM] unsigned char 
  key             1    9[COMRAM] unsigned char 
  val             1    8[COMRAM] unsigned char 
  row             1    7[COMRAM] unsigned char 
 Return value:  Size  Location     Type
                  1    wreg      unsigned char 
 Registers used:
		wreg, status,2, status,0, tblptrl, tblptrh, tblptru, prodl, prodh, cstack
 Tracked objects:
		On entry : 
		On exit  : 
		Unchanged: 
 Data sizes:     COMRAM   BANK0   BANK1   BANK2   BANK3   BANK4   BANK5   BANK6   BANK7
      Params:         0       0       0       0       0       0       0       0       0
      Locals:         5       0       0       0       0       0       0       0       0
      Temps:          1       0       0       0       0       0       0       0       0
      Totals:         6       0       0       0       0       0       0       0       0
Total ram usage:        6 bytes
 Hardware stack levels used:    1
 Hardware stack levels required when called:    1
 This function calls:
		_lcd_delay
 This function is called by:
		_main
 This function uses a non-reentrant model


 *************** function _InitLCD *****************
 Defined at:
		line 42 in file "keypad.c"
 Parameters:    Size  Location     Type
		None
 Auto vars:     Size  Location     Type
		None
 Return value:  Size  Location     Type
		None               void
 Registers used:
		wreg, status,2, status,0, cstack
 Tracked objects:
		On entry : 
		On exit  : 
		Unchanged: 
 Data sizes:     COMRAM   BANK0   BANK1   BANK2   BANK3   BANK4   BANK5   BANK6   BANK7
      Params:         0       0       0       0       0       0       0       0       0
      Locals:         0       0       0       0       0       0       0       0       0
      Temps:          0       0       0       0       0       0       0       0       0
      Totals:         0       0       0       0       0       0       0       0       0
Total ram usage:        0 bytes
 Hardware stack levels used:    1
 Hardware stack levels required when called:    2
 This function calls:
		_SendInstruction
 This function is called by:
		_main
 This function uses a non-reentrant model


 *************** function _SendInstruction *****************
 Defined at:
		line 22 in file "keypad.c"
 Parameters:    Size  Location     Type
  command         1    wreg     unsigned char 
 Auto vars:     Size  Location     Type
  command         1    6[COMRAM] unsigned char 
 Return value:  Size  Location     Type
		None               void
 Registers used:
		wreg, status,2, status,0, cstack
 Tracked objects:
		On entry : 
		On exit  : 
		Unchanged: 
 Data sizes:     COMRAM   BANK0   BANK1   BANK2   BANK3   BANK4   BANK5   BANK6   BANK7
      Params:         0       0       0       0       0       0       0       0       0
      Locals:         1       0       0       0       0       0       0       0       0
      Temps:          0       0       0       0       0       0       0       0       0
      Totals:         1       0       0       0       0       0       0       0       0
Total ram usage:        1 bytes
 Hardware stack levels used:    1
 Hardware stack levels required when called:    1
 This function calls:
		_lcd_delay
 This function is called by:
		_InitLCD
		_main
 This function uses a non-reentrant model


 *************** function _lcd_delay *****************
 Defined at:
		line 11 in file "keypad.c"
 Parameters:    Size  Location     Type
  time            2    0[COMRAM] unsigned int 
 Auto vars:     Size  Location     Type
  j               2    4[COMRAM] unsigned int 
  i               2    2[COMRAM] unsigned int 
 Return value:  Size  Location     Type
		None               void
 Registers used:
		wreg, status,2, status,0
 Tracked objects:
		On entry : 
		On exit  : 
		Unchanged: 
 Data sizes:     COMRAM   BANK0   BANK1   BANK2   BANK3   BANK4   BANK5   BANK6   BANK7
      Params:         2       0       0       0       0       0       0       0       0
      Locals:         4       0       0       0       0       0       0       0       0
      Temps:          0       0       0       0       0       0       0       0       0
      Totals:         6       0       0       0       0       0       0       0       0
Total ram usage:        6 bytes
 Hardware stack levels used:    1
 This function calls:
		Nothing
 This function is called by:
		_SendInstruction
		_SendData
		_ReadKey
		_main
 This function uses a non-reentrant model



MODULE INFORMATION

Module		Function		Class		Link	Load	Size
keypad.c
		_lcd_delay     		CODE           	7EEC	0000	54
		_main          		CODE           	7F22	0000	96
		_SendData      		CODE           	7E98	0000	40
		_SendInstructio		CODE           	7E70	0000	40
		_InitLCD       		CODE           	7EC0	0000	44
		_ReadKey       		CODE           	7F82	0000	126

keypad.c estimated size: 400

shared
		__stringdata   		SMALLCONST     	0815	0000	15
		__initializatio		CODE           	7E66	0000	0
		_KeyLookupTbl  		SMALLCONST     	0805	0000	16

shared estimated size: 31

