Microchip MPLAB XC8 Compiler V1.30 ()

Linker command line:

--edf=C:\Program Files\Microchip\xc8\v1.30\dat\en_msgs.txt -cs \
  -h+dist/default/production\DS1307.X.production.sym \
  --cmf=dist/default/production\DS1307.X.production.cmf -z -Q18F4550 \
  -oC:\Users\MICROE~1\AppData\Local\Temp\s66c.6 \
  -Mdist/default/production/DS1307.X.production.map -E1 -ver=XC8 \
  -ASTACK=060h-07ffh -pstack=STACK -ACODE=0800h-07FFFh -ACONST=0800h-07FFFh \
  -ASMALLCONST=0800h-08FFhx120 -AMEDIUMCONST=0800h-07FFFh -ACOMRAM=01h-05Fh \
  -AABS1=00h-07FFh -ABIGRAM=01h-07FFh -ARAM=060h-0FFh,0100h-01FFhx7 \
  -ABANK0=060h-0FFh -ABANK1=0100h-01FFh -ABANK2=0200h-02FFh \
  -ABANK3=0300h-03FFh -ABANK4=0400h-04FFh -ABANK5=0500h-05FFh \
  -ABANK6=0600h-06FFh -ABANK7=0700h-07FFh -ASFR=0F60h-0FFFh \
  -preset_vec=0800h,intcode,intcodelo,powerup,init,end_init -pramtop=0800h \
  -psmallconst=SMALLCONST -pmediumconst=MEDIUMCONST -pconst=CONST \
  -AFARRAM=00h-00h -ACONFIG=0300000h-030000Dh -pconfig=CONFIG \
  -AIDLOC=0200000h-0200007h -pidloc=IDLOC -AEEDATA=0F00000h-0F000FFh \
  -peeprom_data=EEDATA \
  -prdata=COMRAM,nvrram=COMRAM,nvbit=COMRAM,rbss=COMRAM,rbit=COMRAM \
  -pfarbss=FARRAM,fardata=FARRAM,nvFARRAM=FARRAM \
  -pintsave_regs=BIGRAM,bigbss=BIGRAM,bigdata=BIGRAM -pbss=RAM \
  -pidata=CODE,irdata=CODE,ibigdata=CODE,ifardata=CODE \
  C:\Users\MICROE~1\AppData\Local\Temp\s66c.obj \
  dist/default/production\DS1307.X.production.obj 

Object code version is 3.11

Machine type is 18F4550

Call graph: (short form)




                Name                               Link     Load   Length Selector   Space Scale
C:\Users\MICROE~1\AppData\Local\Temp\s66c.obj
                end_init                            800      800        4      400       0
                idloc                            200000   200000        8   200000       0
                config                           300000   300000        E   300000       0
dist/default/production\DS1307.X.production.obj
                smallconst                          804      804       44      402       0
                text16                             7B7C     7B7C       36     3DBE       0
                text15                             7AA8     7AA8       28     3D54       0
                text14                             7B22     7B22       2C     3D91       0
                text13                             7AD0     7AD0       28     3D68       0
                text12                             7A90     7A90       18     3D48       0
                text11                             7A3E     7A3E        A     3D1F       0
                text10                             7A48     7A48        A     3D24       0
                text9                              7A52     7A52        A     3D29       0
                text8                              7A5C     7A5C        C     3D2E       0
                text7                              7BEC     7BEC       3E     3DF6       0
                text6                              7A68     7A68       12     3D34       0
                text5                              7B4E     7B4E       2E     3DA7       0
                text4                              7C2A     7C2A       56     3E15       0
                text3                              7BB2     7BB2       3A     3DD9       0
                text2                              7AF8     7AF8       2A     3D7C       0
                text1                              7DCA     7DCA      236     3EE5       0
                text0                              7C80     7C80      14A     3E40       0
                cstackCOMRAM                          1        1       2B        1       1
                bssCOMRAM                            2C       2C       10        1       1
                cinit                              7A7A     7A7A       16     3D3D       0

TOTAL           Name                               Link     Load   Length     Space
        CLASS   STACK          

        CLASS   CODE           
                end_init                            800      800        4         0
                text16                             7B7C     7B7C       36         0
                text15                             7AA8     7AA8       28         0
                text14                             7B22     7B22       2C         0
                text13                             7AD0     7AD0       28         0
                text12                             7A90     7A90       18         0
                text11                             7A3E     7A3E        A         0
                text10                             7A48     7A48        A         0
                text9                              7A52     7A52        A         0
                text8                              7A5C     7A5C        C         0
                text7                              7BEC     7BEC       3E         0
                text6                              7A68     7A68       12         0
                text5                              7B4E     7B4E       2E         0
                text4                              7C2A     7C2A       56         0
                text3                              7BB2     7BB2       3A         0
                text2                              7AF8     7AF8       2A         0
                text1                              7DCA     7DCA      236         0
                text0                              7C80     7C80      14A         0
                cinit                              7A7A     7A7A       16         0

        CLASS   CONST          

        CLASS   SMALLCONST     
                smallconst                          804      804       44         0

        CLASS   MEDIUMCONST    

        CLASS   COMRAM         
                cstackCOMRAM                          1        1       2B         1
                bssCOMRAM                            2C       2C       10         1

        CLASS   ABS1           

        CLASS   BIGRAM         

        CLASS   RAM            

        CLASS   BANK0          

        CLASS   BANK1          

        CLASS   BANK2          

        CLASS   BANK3          

        CLASS   BANK4          

        CLASS   BANK5          

        CLASS   BANK6          

        CLASS   BANK7          

        CLASS   SFR            

        CLASS   FARRAM         

        CLASS   CONFIG         
                config                           300000   300000        E         0

        CLASS   IDLOC          
                idloc                            200000   200000        8         0

        CLASS   EEDATA         



SEGMENTS        Name                           Load    Length   Top    Selector   Space  Class

                cstackCOMRAM                   000001  00003B  00003C         1       1  COMRAM  
                reset_vec                      000800  000004  000804       400       0  CODE    
                smallconst                     000804  000044  000848       402       0  SMALLCON
                text11                         007A3E  00000A  007A48      3D1F       0  CODE    
                text10                         007A48  00000A  007A52      3D24       0  CODE    
                text9                          007A52  00000A  007A5C      3D29       0  CODE    
                text8                          007A5C  00000C  007A68      3D2E       0  CODE    
                text6                          007A68  000012  007A7A      3D34       0  CODE    
                cinit                          007A7A  000016  007A90      3D3D       0  CODE    
                text12                         007A90  000018  007AA8      3D48       0  CODE    
                text15                         007AA8  000028  007AD0      3D54       0  CODE    
                text13                         007AD0  000028  007AF8      3D68       0  CODE    
                text2                          007AF8  00002A  007B22      3D7C       0  CODE    
                text14                         007B22  00002C  007B4E      3D91       0  CODE    
                text5                          007B4E  00002E  007B7C      3DA7       0  CODE    
                text16                         007B7C  000036  007BB2      3DBE       0  CODE    
                text3                          007BB2  00003A  007BEC      3DD9       0  CODE    
                text7                          007BEC  00003E  007C2A      3DF6       0  CODE    
                text4                          007C2A  000056  007C80      3E15       0  CODE    
                text0                          007C80  00014A  007DCA      3E40       0  CODE    
                text1                          007DCA  000236  008000      3EE5       0  CODE    
                idloc                          200000  000008  200008    200000       0  IDLOC   
                config                         300000  00000E  30000E    300000       0  CONFIG  


UNUSED ADDRESS RANGES

        Name                Unused          Largest block    Delta
        BANK0            000060-0000FF               A0
        BANK1            000100-0001FF              100
        BANK2            000200-0002FF              100
        BANK3            000300-0003FF              100
        BANK4            000400-0004FF              100
        BANK5            000500-0005FF              100
        BANK6            000600-0006FF              100
        BANK7            000700-0007FF              100
        BIGRAM           00003C-0007FF              7C4
        CODE             000848-007A3D             71F6
        COMRAM           00003C-00005F               24
        CONST            000848-007A3D             71F6
        EEDATA           F00000-F000FF              100
        FARRAM           000000-000000                1
        MEDIUMCONST      000848-007A3D             71F6
        RAM              000060-0007FF              100
        SFR              000F60-000FFF               A0
        SMALLCONST       000848-007A3D              100
        STACK            000060-0007FF              7A0

                                  Symbol Table

?___lwdiv                 cstackCOMRAM 000001
?___wmul                  cstackCOMRAM 000001
?_sprintf                 cstackCOMRAM 000009
SendData@lcddata          cstackCOMRAM 000007
SendInstruction@command   cstackCOMRAM 000007
_ADCON1                   (abs)        000FC1
_InitLCD                  text14       007B22
_LATAbits                 (abs)        000F89
_LATB                     (abs)        000F8A
_PIR1bits                 (abs)        000F9E
_SSPADD                   (abs)        000FC8
_SSPBUF                   (abs)        000FC9
_SSPCON1                  (abs)        000FC6
_SSPCON1bits              (abs)        000FC6
_SSPCON2bits              (abs)        000FC5
_SSPSTATbits              (abs)        000FC7
_SendData                 text13       007AD0
_SendInstruction          text15       007AA8
_TRISAbits                (abs)        000F92
_TRISB                    (abs)        000F93
_TRISBbits                (abs)        000F93
__HRAM                    (abs)        000000
__Habs1                   abs1         000000
__Hbank0                  bank0        000000
__Hbank1                  bank1        000000
__Hbank2                  bank2        000000
__Hbank3                  bank3        000000
__Hbank4                  bank4        000000
__Hbank5                  bank5        000000
__Hbank6                  bank6        000000
__Hbank7                  bank7        000000
__Hbigbss                 bigbss       000000
__Hbigdata                bigdata      000000
__Hbigram                 bigram       000000
__Hbss                    bss          000000
__HbssCOMRAM              bssCOMRAM    000000
__Hcinit                  cinit        000000
__Hclrtext                clrtext      000000
__Hcomram                 comram       000000
__Hconfig                 config       30000E
__Hconst                  const        000000
__HcstackCOMRAM           cstackCOMRAM 000000
__Hdata                   data         000000
__Heeprom_data            eeprom_data  000000
__Hend_init               end_init     000804
__Hfarbss                 farbss       000000
__Hfardata                fardata      000000
__Hibigdata               ibigdata     000000
__Hidata                  idata        000000
__Hidloc                  idloc        200008
__Hifardata               ifardata     000000
__Hinit                   init         000800
__Hintcode                intcode      000800
__Hintcode_body           intcode_body 000000
__Hintcodelo              intcodelo    000800
__Hintentry               intentry     000000
__Hintret                 intret       000000
__Hintsave_regs           intsave_regs 000000
__Hirdata                 irdata       000000
__Hmediumconst            mediumconst  000000
__HnvFARRAM               nvFARRAM     000000
__Hnvbit                  nvbit        000000
__Hnvrram                 nvrram       000000
__Hparam                  rparam       000000
__Hpowerup                powerup      000800
__Hram                    ram          000000
__Hramtop                 ramtop       000800
__Hrbit                   rbit         000000
__Hrbss                   rbss         000000
__Hrdata                  rdata        000000
__Hreset_vec              reset_vec    000800
__Hrparam                 rparam       000000
__Hsfr                    sfr          000000
__Hsmallconst             smallconst   000848
__Hstack                  stack        000000
__Hstruct                 struct       000000
__Htemp                   temp         000000
__Htext                   text         000000
__Htext0                  text0        000000
__Htext1                  text1        000000
__Htext10                 text10       000000
__Htext11                 text11       000000
__Htext12                 text12       000000
__Htext13                 text13       000000
__Htext14                 text14       000000
__Htext15                 text15       000000
__Htext16                 text16       000000
__Htext2                  text2        000000
__Htext3                  text3        000000
__Htext4                  text4        000000
__Htext5                  text5        000000
__Htext6                  text6        000000
__Htext7                  text7        000000
__Htext8                  text8        000000
__Htext9                  text9        000000
__LRAM                    (abs)        000001
__Labs1                   abs1         000000
__Lbank0                  bank0        000000
__Lbank1                  bank1        000000
__Lbank2                  bank2        000000
__Lbank3                  bank3        000000
__Lbank4                  bank4        000000
__Lbank5                  bank5        000000
__Lbank6                  bank6        000000
__Lbank7                  bank7        000000
__Lbigbss                 bigbss       000000
__Lbigdata                bigdata      000000
__Lbigram                 bigram       000000
__Lbss                    bss          000000
__LbssCOMRAM              bssCOMRAM    000000
__Lcinit                  cinit        000000
__Lclrtext                clrtext      000000
__Lcomram                 comram       000000
__Lconfig                 config       300000
__Lconst                  const        000000
__LcstackCOMRAM           cstackCOMRAM 000000
__Ldata                   data         000000
__Leeprom_data            eeprom_data  000000
__Lend_init               end_init     000800
__Lfarbss                 farbss       000000
__Lfardata                fardata      000000
__Libigdata               ibigdata     000000
__Lidata                  idata        000000
__Lidloc                  idloc        200000
__Lifardata               ifardata     000000
__Linit                   init         000800
__Lintcode                intcode      000800
__Lintcode_body           intcode_body 000000
__Lintcodelo              intcodelo    000800
__Lintentry               intentry     000000
__Lintret                 intret       000000
__Lintsave_regs           intsave_regs 000000
__Lirdata                 irdata       000000
__Lmediumconst            mediumconst  000000
__LnvFARRAM               nvFARRAM     000000
__Lnvbit                  nvbit        000000
__Lnvrram                 nvrram       000000
__Lparam                  rparam       000000
__Lpowerup                powerup      000800
__Lram                    ram          000000
__Lramtop                 ramtop       000800
__Lrbit                   rbit         000000
__Lrbss                   rbss         000000
__Lrdata                  rdata        000000
__Lreset_vec              reset_vec    000800
__Lrparam                 rparam       000000
__Lsfr                    sfr          000000
__Lsmallconst             smallconst   000804
__Lstack                  stack        000000
__Lstruct                 struct       000000
__Ltemp                   temp         000000
__Ltext                   text         000000
__Ltext0                  text0        000000
__Ltext1                  text1        000000
__Ltext10                 text10       000000
__Ltext11                 text11       000000
__Ltext12                 text12       000000
__Ltext13                 text13       000000
__Ltext14                 text14       000000
__Ltext15                 text15       000000
__Ltext16                 text16       000000
__Ltext2                  text2        000000
__Ltext3                  text3        000000
__Ltext4                  text4        000000
__Ltext5                  text5        000000
__Ltext6                  text6        000000
__Ltext7                  text7        000000
__Ltext8                  text8        000000
__Ltext9                  text9        000000
__S0                      (abs)        30000E
__S1                      (abs)        00003C
__S2                      (abs)        000000
___inthi_sp               stack        000000
___intlo_sp               stack        000000
___lwdiv                  text4        007C2A
___lwdiv@counter          cstackCOMRAM 000008
___lwdiv@dividend         cstackCOMRAM 000001
___lwdiv@divisor          cstackCOMRAM 000003
___lwdiv@quotient         cstackCOMRAM 000006
___sp                     stack        000000
___wmul                   text3        007BB2
___wmul@multiplicand      cstackCOMRAM 000003
___wmul@multiplier        cstackCOMRAM 000001
___wmul@product           cstackCOMRAM 000005
__accesstop               (abs)        000060
__activetblptr            (abs)        000002
__end_of_InitLCD          text14       007B4E
__end_of_SendData         text13       007AF8
__end_of_SendInstruction  text15       007AD0
__end_of___lwdiv          text4        007C80
__end_of___wmul           text3        007BEC
__end_of__initialization  cinit        007A86
__end_of__stringdata      smallconst   000846
__end_of_get_reg          text7        007C2A
__end_of_hexpowers        smallconst   00080D
__end_of_i2c_init         text6        007A7A
__end_of_i2c_read         text12       007AA8
__end_of_i2c_restart      text11       007A48
__end_of_i2c_start        text10       007A52
__end_of_i2c_stop         text9        007A5C
__end_of_i2c_write        text8        007A68
__end_of_isdigit          text2        007B22
__end_of_lcd_delay        text16       007BB2
__end_of_main             text0        007DCA
__end_of_set_reg          text5        007B7C
__end_of_sprintf          text1        008000
__initialization          cinit        007A7A
__mediumconst             mediumconst  000000
__pbssCOMRAM              bssCOMRAM    00002C
__pcinit                  cinit        007A7A
__pcstackCOMRAM           cstackCOMRAM 000001
__psmallconst             smallconst   000804
__ptext0                  text0        007C80
__ptext1                  text1        007DCA
__ptext10                 text10       007A48
__ptext11                 text11       007A3E
__ptext12                 text12       007A90
__ptext13                 text13       007AD0
__ptext14                 text14       007B22
__ptext15                 text15       007AA8
__ptext16                 text16       007B7C
__ptext2                  text2        007AF8
__ptext3                  text3        007BB2
__ptext4                  text4        007C2A
__ptext5                  text5        007B4E
__ptext6                  text6        007A68
__ptext7                  text7        007BEC
__ptext8                  text8        007A5C
__ptext9                  text9        007A52
__ramtop                  ramtop       000800
__size_of_InitLCD         (abs)        000000
__size_of_SendData        (abs)        000000
__size_of_SendInstruction (abs)        000000
__size_of___lwdiv         (abs)        000000
__size_of___wmul          (abs)        000000
__size_of_get_reg         (abs)        000000
__size_of_i2c_init        (abs)        000000
__size_of_i2c_read        (abs)        000000
__size_of_i2c_restart     (abs)        000000
__size_of_i2c_start       (abs)        000000
__size_of_i2c_stop        (abs)        000000
__size_of_i2c_write       (abs)        000000
__size_of_isdigit         (abs)        000000
__size_of_lcd_delay       (abs)        000000
__size_of_main            (abs)        000000
__size_of_set_reg         (abs)        000000
__size_of_sprintf         (abs)        000000
__smallconst              smallconst   000804
__stringdata              smallconst   00080D
_get_reg                  text7        007BEC
_hexpowers                smallconst   000805
_i2c_init                 text6        007A68
_i2c_read                 text12       007A90
_i2c_restart              text11       007A3E
_i2c_start                text10       007A48
_i2c_stop                 text9        007A52
_i2c_write                text8        007A5C
_isdigit                  text2        007AF8
_isdigit$861              cstackCOMRAM 000002
_lcd_delay                text16       007B7C
_main                     text0        007C80
_set_reg                  text5        007B4E
_sprintf                  text1        007DCA
_str                      bssCOMRAM    00002C
end_of_initialization     cinit        007A86
get_reg@address           cstackCOMRAM 000003
get_reg@data              cstackCOMRAM 000004
i2c_read@data             cstackCOMRAM 000001
i2c_write@data            cstackCOMRAM 000001
intlevel0                 text         000000
intlevel1                 text         000000
intlevel2                 text         000000
intlevel3                 text         000000
isdigit@c                 cstackCOMRAM 000003
lcd_delay@i               cstackCOMRAM 000003
lcd_delay@j               cstackCOMRAM 000005
lcd_delay@time            cstackCOMRAM 000001
main@date                 cstackCOMRAM 000025
main@hrs                  cstackCOMRAM 00002A
main@i                    cstackCOMRAM 00002B
main@min                  cstackCOMRAM 000029
main@mnt                  cstackCOMRAM 000026
main@sec                  cstackCOMRAM 000028
main@yr                   cstackCOMRAM 000027
set_reg@address           cstackCOMRAM 000004
set_reg@x                 cstackCOMRAM 000003
sprintf@_val              cstackCOMRAM 00001B
sprintf@ap                cstackCOMRAM 000017
sprintf@c                 cstackCOMRAM 000023
sprintf@f                 cstackCOMRAM 00000B
sprintf@flag              cstackCOMRAM 00001A
sprintf@idx               cstackCOMRAM 000019
sprintf@prec              cstackCOMRAM 000020
sprintf@sp                cstackCOMRAM 000009
sprintf@width             cstackCOMRAM 000021
stackhi                   (abs)        0007FF
stacklo                   (abs)        000060
start                     init         000800
start_initialization      cinit        007A7A


FUNCTION INFORMATION:

 *************** function _main *****************
 Defined at:
		line 81 in file "mainclock.c"
 Parameters:    Size  Location     Type
		None
 Auto vars:     Size  Location     Type
  i               1   42[COMRAM] unsigned char 
  hrs             1   41[COMRAM] unsigned char 
  min             1   40[COMRAM] unsigned char 
  sec             1   39[COMRAM] unsigned char 
  yr              1   38[COMRAM] unsigned char 
  mnt             1   37[COMRAM] unsigned char 
  date            1   36[COMRAM] unsigned char 
 Return value:  Size  Location     Type
		None               void
 Registers used:
		wreg, fsr2l, fsr2h, status,2, status,0, tblptrl, tblptrh, tblptru, prodl, prodh, cstack
 Tracked objects:
		On entry : 
		On exit  : 
		Unchanged: 
 Data sizes:     COMRAM   BANK0   BANK1   BANK2   BANK3   BANK4   BANK5   BANK6   BANK7
      Params:         0       0       0       0       0       0       0       0       0
      Locals:         7       0       0       0       0       0       0       0       0
      Temps:          1       0       0       0       0       0       0       0       0
      Totals:         8       0       0       0       0       0       0       0       0
Total ram usage:        8 bytes
 Hardware stack levels required when called:    3
 This function calls:
		_InitLCD
		_SendData
		_SendInstruction
		_get_reg
		_i2c_init
		_lcd_delay
		_set_reg
		_sprintf
 This function is called by:
		Startup code after reset
 This function uses a non-reentrant model


 *************** function _sprintf *****************
 Defined at:
		line 492 in file "C:\Program Files\Microchip\xc8\v1.30\sources\common\doprnt.c"
 Parameters:    Size  Location     Type
  sp              2    8[COMRAM] PTR unsigned char 
		 -> str(16), 
  f               2   10[COMRAM] PTR const unsigned char 
		 -> STR_2(20), STR_1(20), 
 Auto vars:     Size  Location     Type
  idx             1   24[COMRAM] unsigned char 
  _val            5   26[COMRAM] struct .
  width           2   32[COMRAM] int 
  ap              2   22[COMRAM] PTR void [1]
		 -> ?_sprintf(2), 
  c               1   34[COMRAM] char 
  prec            1   31[COMRAM] char 
  flag            1   25[COMRAM] unsigned char 
 Return value:  Size  Location     Type
                  2    8[COMRAM] int 
 Registers used:
		wreg, fsr2l, fsr2h, status,2, status,0, tblptrl, tblptrh, tblptru, prodl, prodh, cstack
 Tracked objects:
		On entry : 
		On exit  : 
		Unchanged: 
 Data sizes:     COMRAM   BANK0   BANK1   BANK2   BANK3   BANK4   BANK5   BANK6   BANK7
      Params:        10       0       0       0       0       0       0       0       0
      Locals:        13       0       0       0       0       0       0       0       0
      Temps:          4       0       0       0       0       0       0       0       0
      Totals:        27       0       0       0       0       0       0       0       0
Total ram usage:       27 bytes
 Hardware stack levels used:    1
 Hardware stack levels required when called:    1
 This function calls:
		___lwdiv
		___wmul
		_isdigit
 This function is called by:
		_main
 This function uses a non-reentrant model


 *************** function _isdigit *****************
 Defined at:
		line 8 in file "C:\Program Files\Microchip\xc8\v1.30\sources\common\isdigit.c"
 Parameters:    Size  Location     Type
  c               1    wreg     unsigned char 
 Auto vars:     Size  Location     Type
  c               1    2[COMRAM] unsigned char 
 Return value:  Size  Location     Type
		None               void
 Registers used:
		wreg, status,2, status,0
 Tracked objects:
		On entry : 
		On exit  : 
		Unchanged: 
 Data sizes:     COMRAM   BANK0   BANK1   BANK2   BANK3   BANK4   BANK5   BANK6   BANK7
      Params:         0       0       0       0       0       0       0       0       0
      Locals:         2       0       0       0       0       0       0       0       0
      Temps:          1       0       0       0       0       0       0       0       0
      Totals:         3       0       0       0       0       0       0       0       0
Total ram usage:        3 bytes
 Hardware stack levels used:    1
 This function calls:
		Nothing
 This function is called by:
		_sprintf
 This function uses a non-reentrant model


 *************** function ___wmul *****************
 Defined at:
		line 4 in file "C:\Program Files\Microchip\xc8\v1.30\sources\common\wmul.c"
 Parameters:    Size  Location     Type
  multiplier      2    0[COMRAM] unsigned int 
  multiplicand    2    2[COMRAM] unsigned int 
 Auto vars:     Size  Location     Type
  product         2    4[COMRAM] unsigned int 
 Return value:  Size  Location     Type
                  2    0[COMRAM] unsigned int 
 Registers used:
		wreg, status,2, status,0, prodl, prodh
 Tracked objects:
		On entry : 
		On exit  : 
		Unchanged: 
 Data sizes:     COMRAM   BANK0   BANK1   BANK2   BANK3   BANK4   BANK5   BANK6   BANK7
      Params:         4       0       0       0       0       0       0       0       0
      Locals:         2       0       0       0       0       0       0       0       0
      Temps:          0       0       0       0       0       0       0       0       0
      Totals:         6       0       0       0       0       0       0       0       0
Total ram usage:        6 bytes
 Hardware stack levels used:    1
 This function calls:
		Nothing
 This function is called by:
		_sprintf
 This function uses a non-reentrant model


 *************** function ___lwdiv *****************
 Defined at:
		line 8 in file "C:\Program Files\Microchip\xc8\v1.30\sources\common\lwdiv.c"
 Parameters:    Size  Location     Type
  dividend        2    0[COMRAM] unsigned int 
  divisor         2    2[COMRAM] unsigned int 
 Auto vars:     Size  Location     Type
  quotient        2    5[COMRAM] unsigned int 
  counter         1    7[COMRAM] unsigned char 
 Return value:  Size  Location     Type
                  2    0[COMRAM] unsigned int 
 Registers used:
		wreg, status,2, status,0
 Tracked objects:
		On entry : 
		On exit  : 
		Unchanged: 
 Data sizes:     COMRAM   BANK0   BANK1   BANK2   BANK3   BANK4   BANK5   BANK6   BANK7
      Params:         4       0       0       0       0       0       0       0       0
      Locals:         3       0       0       0       0       0       0       0       0
      Temps:          1       0       0       0       0       0       0       0       0
      Totals:         8       0       0       0       0       0       0       0       0
Total ram usage:        8 bytes
 Hardware stack levels used:    1
 This function calls:
		Nothing
 This function is called by:
		_sprintf
 This function uses a non-reentrant model


 *************** function _set_reg *****************
 Defined at:
		line 71 in file "mainclock.c"
 Parameters:    Size  Location     Type
  address         1    wreg     unsigned char 
  x               1    2[COMRAM] unsigned char 
 Auto vars:     Size  Location     Type
  address         1    3[COMRAM] unsigned char 
 Return value:  Size  Location     Type
		None               void
 Registers used:
		wreg, status,2, cstack
 Tracked objects:
		On entry : 
		On exit  : 
		Unchanged: 
 Data sizes:     COMRAM   BANK0   BANK1   BANK2   BANK3   BANK4   BANK5   BANK6   BANK7
      Params:         1       0       0       0       0       0       0       0       0
      Locals:         1       0       0       0       0       0       0       0       0
      Temps:          0       0       0       0       0       0       0       0       0
      Totals:         2       0       0       0       0       0       0       0       0
Total ram usage:        2 bytes
 Hardware stack levels used:    1
 Hardware stack levels required when called:    1
 This function calls:
		_i2c_start
		_i2c_stop
		_i2c_write
 This function is called by:
		_main
 This function uses a non-reentrant model


 *************** function _i2c_init *****************
 Defined at:
		line 4 in file "I2C.c"
 Parameters:    Size  Location     Type
		None
 Auto vars:     Size  Location     Type
		None
 Return value:  Size  Location     Type
		None               void
 Registers used:
		wreg, status,2
 Tracked objects:
		On entry : 
		On exit  : 
		Unchanged: 
 Data sizes:     COMRAM   BANK0   BANK1   BANK2   BANK3   BANK4   BANK5   BANK6   BANK7
      Params:         0       0       0       0       0       0       0       0       0
      Locals:         0       0       0       0       0       0       0       0       0
      Temps:          0       0       0       0       0       0       0       0       0
      Totals:         0       0       0       0       0       0       0       0       0
Total ram usage:        0 bytes
 Hardware stack levels used:    1
 This function calls:
		Nothing
 This function is called by:
		_main
 This function uses a non-reentrant model


 *************** function _get_reg *****************
 Defined at:
		line 57 in file "mainclock.c"
 Parameters:    Size  Location     Type
  address         1    wreg     unsigned char 
 Auto vars:     Size  Location     Type
  address         1    2[COMRAM] unsigned char 
  data            1    3[COMRAM] unsigned char 
 Return value:  Size  Location     Type
                  1    wreg      unsigned char 
 Registers used:
		wreg, status,2, cstack
 Tracked objects:
		On entry : 
		On exit  : 
		Unchanged: 
 Data sizes:     COMRAM   BANK0   BANK1   BANK2   BANK3   BANK4   BANK5   BANK6   BANK7
      Params:         0       0       0       0       0       0       0       0       0
      Locals:         2       0       0       0       0       0       0       0       0
      Temps:          0       0       0       0       0       0       0       0       0
      Totals:         2       0       0       0       0       0       0       0       0
Total ram usage:        2 bytes
 Hardware stack levels used:    1
 Hardware stack levels required when called:    1
 This function calls:
		_i2c_read
		_i2c_restart
		_i2c_start
		_i2c_stop
		_i2c_write
 This function is called by:
		_main
 This function uses a non-reentrant model


 *************** function _i2c_write *****************
 Defined at:
		line 29 in file "I2C.c"
 Parameters:    Size  Location     Type
  data            2    0[COMRAM] unsigned int 
 Auto vars:     Size  Location     Type
		None
 Return value:  Size  Location     Type
		None               void
 Registers used:
		None
 Tracked objects:
		On entry : 
		On exit  : 
		Unchanged: 
 Data sizes:     COMRAM   BANK0   BANK1   BANK2   BANK3   BANK4   BANK5   BANK6   BANK7
      Params:         2       0       0       0       0       0       0       0       0
      Locals:         0       0       0       0       0       0       0       0       0
      Temps:          0       0       0       0       0       0       0       0       0
      Totals:         2       0       0       0       0       0       0       0       0
Total ram usage:        2 bytes
 Hardware stack levels used:    1
 This function calls:
		Nothing
 This function is called by:
		_get_reg
		_set_reg
 This function uses a non-reentrant model


 *************** function _i2c_stop *****************
 Defined at:
		line 36 in file "I2C.c"
 Parameters:    Size  Location     Type
		None
 Auto vars:     Size  Location     Type
		None
 Return value:  Size  Location     Type
		None               void
 Registers used:
		None
 Tracked objects:
		On entry : 
		On exit  : 
		Unchanged: 
 Data sizes:     COMRAM   BANK0   BANK1   BANK2   BANK3   BANK4   BANK5   BANK6   BANK7
      Params:         0       0       0       0       0       0       0       0       0
      Locals:         0       0       0       0       0       0       0       0       0
      Temps:          0       0       0       0       0       0       0       0       0
      Totals:         0       0       0       0       0       0       0       0       0
Total ram usage:        0 bytes
 Hardware stack levels used:    1
 This function calls:
		Nothing
 This function is called by:
		_get_reg
		_set_reg
 This function uses a non-reentrant model


 *************** function _i2c_start *****************
 Defined at:
		line 15 in file "I2C.c"
 Parameters:    Size  Location     Type
		None
 Auto vars:     Size  Location     Type
		None
 Return value:  Size  Location     Type
		None               void
 Registers used:
		None
 Tracked objects:
		On entry : 
		On exit  : 
		Unchanged: 
 Data sizes:     COMRAM   BANK0   BANK1   BANK2   BANK3   BANK4   BANK5   BANK6   BANK7
      Params:         0       0       0       0       0       0       0       0       0
      Locals:         0       0       0       0       0       0       0       0       0
      Temps:          0       0       0       0       0       0       0       0       0
      Totals:         0       0       0       0       0       0       0       0       0
Total ram usage:        0 bytes
 Hardware stack levels used:    1
 This function calls:
		Nothing
 This function is called by:
		_get_reg
		_set_reg
 This function uses a non-reentrant model


 *************** function _i2c_restart *****************
 Defined at:
		line 22 in file "I2C.c"
 Parameters:    Size  Location     Type
		None
 Auto vars:     Size  Location     Type
		None
 Return value:  Size  Location     Type
		None               void
 Registers used:
		None
 Tracked objects:
		On entry : 
		On exit  : 
		Unchanged: 
 Data sizes:     COMRAM   BANK0   BANK1   BANK2   BANK3   BANK4   BANK5   BANK6   BANK7
      Params:         0       0       0       0       0       0       0       0       0
      Locals:         0       0       0       0       0       0       0       0       0
      Temps:          0       0       0       0       0       0       0       0       0
      Totals:         0       0       0       0       0       0       0       0       0
Total ram usage:        0 bytes
 Hardware stack levels used:    1
 This function calls:
		Nothing
 This function is called by:
		_get_reg
 This function uses a non-reentrant model


 *************** function _i2c_read *****************
 Defined at:
		line 43 in file "I2C.c"
 Parameters:    Size  Location     Type
		None
 Auto vars:     Size  Location     Type
  data            1    0[COMRAM] unsigned char 
 Return value:  Size  Location     Type
                  1    wreg      unsigned char 
 Registers used:
		wreg, status,2
 Tracked objects:
		On entry : 
		On exit  : 
		Unchanged: 
 Data sizes:     COMRAM   BANK0   BANK1   BANK2   BANK3   BANK4   BANK5   BANK6   BANK7
      Params:         0       0       0       0       0       0       0       0       0
      Locals:         1       0       0       0       0       0       0       0       0
      Temps:          0       0       0       0       0       0       0       0       0
      Totals:         1       0       0       0       0       0       0       0       0
Total ram usage:        1 bytes
 Hardware stack levels used:    1
 This function calls:
		Nothing
 This function is called by:
		_get_reg
 This function uses a non-reentrant model


 *************** function _SendData *****************
 Defined at:
		line 32 in file "mainclock.c"
 Parameters:    Size  Location     Type
  lcddata         1    wreg     unsigned char 
 Auto vars:     Size  Location     Type
  lcddata         1    6[COMRAM] unsigned char 
 Return value:  Size  Location     Type
		None               void
 Registers used:
		wreg, status,2, status,0, cstack
 Tracked objects:
		On entry : 
		On exit  : 
		Unchanged: 
 Data sizes:     COMRAM   BANK0   BANK1   BANK2   BANK3   BANK4   BANK5   BANK6   BANK7
      Params:         0       0       0       0       0       0       0       0       0
      Locals:         1       0       0       0       0       0       0       0       0
      Temps:          0       0       0       0       0       0       0       0       0
      Totals:         1       0       0       0       0       0       0       0       0
Total ram usage:        1 bytes
 Hardware stack levels used:    1
 Hardware stack levels required when called:    1
 This function calls:
		_lcd_delay
 This function is called by:
		_main
 This function uses a non-reentrant model


 *************** function _InitLCD *****************
 Defined at:
		line 42 in file "mainclock.c"
 Parameters:    Size  Location     Type
		None
 Auto vars:     Size  Location     Type
		None
 Return value:  Size  Location     Type
		None               void
 Registers used:
		wreg, status,2, status,0, cstack
 Tracked objects:
		On entry : 
		On exit  : 
		Unchanged: 
 Data sizes:     COMRAM   BANK0   BANK1   BANK2   BANK3   BANK4   BANK5   BANK6   BANK7
      Params:         0       0       0       0       0       0       0       0       0
      Locals:         0       0       0       0       0       0       0       0       0
      Temps:          0       0       0       0       0       0       0       0       0
      Totals:         0       0       0       0       0       0       0       0       0
Total ram usage:        0 bytes
 Hardware stack levels used:    1
 Hardware stack levels required when called:    2
 This function calls:
		_SendInstruction
 This function is called by:
		_main
 This function uses a non-reentrant model


 *************** function _SendInstruction *****************
 Defined at:
		line 22 in file "mainclock.c"
 Parameters:    Size  Location     Type
  command         1    wreg     unsigned char 
 Auto vars:     Size  Location     Type
  command         1    6[COMRAM] unsigned char 
 Return value:  Size  Location     Type
		None               void
 Registers used:
		wreg, status,2, status,0, cstack
 Tracked objects:
		On entry : 
		On exit  : 
		Unchanged: 
 Data sizes:     COMRAM   BANK0   BANK1   BANK2   BANK3   BANK4   BANK5   BANK6   BANK7
      Params:         0       0       0       0       0       0       0       0       0
      Locals:         1       0       0       0       0       0       0       0       0
      Temps:          0       0       0       0       0       0       0       0       0
      Totals:         1       0       0       0       0       0       0       0       0
Total ram usage:        1 bytes
 Hardware stack levels used:    1
 Hardware stack levels required when called:    1
 This function calls:
		_lcd_delay
 This function is called by:
		_InitLCD
		_main
 This function uses a non-reentrant model


 *************** function _lcd_delay *****************
 Defined at:
		line 11 in file "mainclock.c"
 Parameters:    Size  Location     Type
  time            2    0[COMRAM] unsigned int 
 Auto vars:     Size  Location     Type
  j               2    4[COMRAM] unsigned int 
  i               2    2[COMRAM] unsigned int 
 Return value:  Size  Location     Type
		None               void
 Registers used:
		wreg, status,2, status,0
 Tracked objects:
		On entry : 
		On exit  : 
		Unchanged: 
 Data sizes:     COMRAM   BANK0   BANK1   BANK2   BANK3   BANK4   BANK5   BANK6   BANK7
      Params:         2       0       0       0       0       0       0       0       0
      Locals:         4       0       0       0       0       0       0       0       0
      Temps:          0       0       0       0       0       0       0       0       0
      Totals:         6       0       0       0       0       0       0       0       0
Total ram usage:        6 bytes
 Hardware stack levels used:    1
 This function calls:
		Nothing
 This function is called by:
		_SendInstruction
		_SendData
		_main
 This function uses a non-reentrant model



MODULE INFORMATION

Module		Function		Class		Link	Load	Size
C:\Program Files\Microchip\xc8\v1.30\sources\common\lwdiv.c
		___lwdiv       		CODE           	7C2A	0000	86

C:\Program Files\Microchip\xc8\v1.30\sources\common\lwdiv.c estimated size: 86

C:\Program Files\Microchip\xc8\v1.30\sources\common\wmul.c
		___wmul        		CODE           	7BB2	0000	58

C:\Program Files\Microchip\xc8\v1.30\sources\common\wmul.c estimated size: 58

mainclock.c
		_lcd_delay     		CODE           	7B7C	0000	54
		_main          		CODE           	7C80	0000	330
		_SendData      		CODE           	7AD0	0000	40
		_SendInstructio		CODE           	7AA8	0000	40
		_InitLCD       		CODE           	7B22	0000	44
		_get_reg       		CODE           	7BEC	0000	62
		_set_reg       		CODE           	7B4E	0000	46

mainclock.c estimated size: 616

shared
		__stringdata   		SMALLCONST     	080D	0000	57
		__initializatio		CODE           	7A7A	0000	12
		_hexpowers     		SMALLCONST     	0805	0000	8

shared estimated size: 77

C:\Program Files\Microchip\xc8\v1.30\sources\common\doprnt.c
		_sprintf       		CODE           	7DCA	0000	566

C:\Program Files\Microchip\xc8\v1.30\sources\common\doprnt.c estimated size: 566

C:\Program Files\Microchip\xc8\v1.30\sources\common\isdigit.c
		_isdigit       		CODE           	7AF8	0000	42

C:\Program Files\Microchip\xc8\v1.30\sources\common\isdigit.c estimated size: 42

I2C.c
		_i2c_start     		CODE           	7A48	0000	10
		_i2c_restart   		CODE           	7A3E	0000	10
		_i2c_write     		CODE           	7A5C	0000	12
		_i2c_stop      		CODE           	7A52	0000	10
		_i2c_read      		CODE           	7A90	0000	24
		_i2c_init      		CODE           	7A68	0000	18

I2C.c estimated size: 84

