Microchip MPLAB XC8 Compiler V1.30 ()

Linker command line:

--edf=C:\Program Files\Microchip\xc8\v1.30\dat\en_msgs.txt -cs \
  -h+dist/default/production\ADC.X.production.sym \
  --cmf=dist/default/production\ADC.X.production.cmf -z -Q18F4550 \
  -oC:\Users\MICROE~1\AppData\Local\Temp\s5mk.6 \
  -Mdist/default/production/ADC.X.production.map -E1 -ver=XC8 \
  -ASTACK=060h-07ffh -pstack=STACK -ACODE=0800h-07FFFh -ACONST=0800h-07FFFh \
  -ASMALLCONST=0800h-08FFhx120 -AMEDIUMCONST=0800h-07FFFh -ACOMRAM=01h-05Fh \
  -AABS1=00h-07FFh -ABIGRAM=01h-07FFh -ARAM=060h-0FFh,0100h-01FFhx7 \
  -ABANK0=060h-0FFh -ABANK1=0100h-01FFh -ABANK2=0200h-02FFh \
  -ABANK3=0300h-03FFh -ABANK4=0400h-04FFh -ABANK5=0500h-05FFh \
  -ABANK6=0600h-06FFh -ABANK7=0700h-07FFh -ASFR=0F60h-0FFFh \
  -preset_vec=0800h,intcode,intcodelo,powerup,init,end_init -pramtop=0800h \
  -psmallconst=SMALLCONST -pmediumconst=MEDIUMCONST -pconst=CONST \
  -AFARRAM=00h-00h -ACONFIG=0300000h-030000Dh -pconfig=CONFIG \
  -AIDLOC=0200000h-0200007h -pidloc=IDLOC -AEEDATA=0F00000h-0F000FFh \
  -peeprom_data=EEDATA \
  -prdata=COMRAM,nvrram=COMRAM,nvbit=COMRAM,rbss=COMRAM,rbit=COMRAM \
  -pfarbss=FARRAM,fardata=FARRAM,nvFARRAM=FARRAM \
  -pintsave_regs=BIGRAM,bigbss=BIGRAM,bigdata=BIGRAM -pbss=RAM \
  -pidata=CODE,irdata=CODE,ibigdata=CODE,ifardata=CODE \
  C:\Users\MICROE~1\AppData\Local\Temp\s5mk.obj \
  dist/default/production\ADC.X.production.obj 

Object code version is 3.11

Machine type is 18F4550

Call graph: (short form)




                Name                               Link     Load   Length Selector   Space Scale
C:\Users\MICROE~1\AppData\Local\Temp\s5mk.obj
                end_init                            800      800        4      400       0
                idloc                            200000   200000        8   200000       0
                config                           300000   300000        E   300000       0
dist/default/production\ADC.X.production.obj
                smallconst                          804      804       1C      402       0
                text12                             7AF8     7AF8        E     3D7C       0
                text11                             7BFE     7BFE       36     3DFF       0
                text10                             7B24     7B24       28     3D92       0
                text9                              7B4C     7B4C       28     3DA6       0
                text8                              7CB4     7CB4       56     3E5A       0
                text7                              7C6E     7C6E       46     3E37       0
                text6                              7C34     7C34       3A     3E1A       0
                text5                              7B74     7B74       2A     3DBA       0
                text4                              7DAE     7DAE      252     3ED7       0
                text3                              7D0A     7D0A       A4     3E85       0
                text2                              7B9E     7B9E       2C     3DCF       0
                text1                              7B06     7B06       1E     3D83       0
                text0                              7BCA     7BCA       34     3DE5       0
                cstackCOMRAM                          1        1       3C        1       1
                cinit                              7AEE     7AEE        A     3D77       0

TOTAL           Name                               Link     Load   Length     Space
        CLASS   STACK          

        CLASS   CODE           
                end_init                            800      800        4         0
                text12                             7AF8     7AF8        E         0
                text11                             7BFE     7BFE       36         0
                text10                             7B24     7B24       28         0
                text9                              7B4C     7B4C       28         0
                text8                              7CB4     7CB4       56         0
                text7                              7C6E     7C6E       46         0
                text6                              7C34     7C34       3A         0
                text5                              7B74     7B74       2A         0
                text4                              7DAE     7DAE      252         0
                text3                              7D0A     7D0A       A4         0
                text2                              7B9E     7B9E       2C         0
                text1                              7B06     7B06       1E         0
                text0                              7BCA     7BCA       34         0
                cinit                              7AEE     7AEE        A         0

        CLASS   CONST          

        CLASS   SMALLCONST     
                smallconst                          804      804       1C         0

        CLASS   MEDIUMCONST    

        CLASS   COMRAM         
                cstackCOMRAM                          1        1       3C         1

        CLASS   ABS1           

        CLASS   BIGRAM         

        CLASS   RAM            

        CLASS   BANK0          

        CLASS   BANK1          

        CLASS   BANK2          

        CLASS   BANK3          

        CLASS   BANK4          

        CLASS   BANK5          

        CLASS   BANK6          

        CLASS   BANK7          

        CLASS   SFR            

        CLASS   FARRAM         

        CLASS   CONFIG         
                config                           300000   300000        E         0

        CLASS   IDLOC          
                idloc                            200000   200000        8         0

        CLASS   EEDATA         



SEGMENTS        Name                           Load    Length   Top    Selector   Space  Class

                cstackCOMRAM                   000001  00003C  00003D         1       1  COMRAM  
                reset_vec                      000800  000004  000804       400       0  CODE    
                smallconst                     000804  00001C  000820       402       0  SMALLCON
                cinit                          007AEE  00000A  007AF8      3D77       0  CODE    
                text12                         007AF8  00000E  007B06      3D7C       0  CODE    
                text1                          007B06  00001E  007B24      3D83       0  CODE    
                text10                         007B24  000028  007B4C      3D92       0  CODE    
                text9                          007B4C  000028  007B74      3DA6       0  CODE    
                text5                          007B74  00002A  007B9E      3DBA       0  CODE    
                text2                          007B9E  00002C  007BCA      3DCF       0  CODE    
                text0                          007BCA  000034  007BFE      3DE5       0  CODE    
                text11                         007BFE  000036  007C34      3DFF       0  CODE    
                text6                          007C34  00003A  007C6E      3E1A       0  CODE    
                text7                          007C6E  000046  007CB4      3E37       0  CODE    
                text8                          007CB4  000056  007D0A      3E5A       0  CODE    
                text3                          007D0A  0000A4  007DAE      3E85       0  CODE    
                text4                          007DAE  000252  008000      3ED7       0  CODE    
                idloc                          200000  000008  200008    200000       0  IDLOC   
                config                         300000  00000E  30000E    300000       0  CONFIG  


UNUSED ADDRESS RANGES

        Name                Unused          Largest block    Delta
        BANK0            000060-0000FF               A0
        BANK1            000100-0001FF              100
        BANK2            000200-0002FF              100
        BANK3            000300-0003FF              100
        BANK4            000400-0004FF              100
        BANK5            000500-0005FF              100
        BANK6            000600-0006FF              100
        BANK7            000700-0007FF              100
        BIGRAM           00003D-0007FF              7C3
        CODE             000820-007AED             72CE
        COMRAM           00003D-00005F               23
        CONST            000820-007AED             72CE
        EEDATA           F00000-F000FF              100
        FARRAM           000000-000000                1
        MEDIUMCONST      000820-007AED             72CE
        RAM              000060-0007FF              100
        SFR              000F60-000FFF               A0
        SMALLCONST       000820-007AED              100
        STACK            000060-0007FF              7A0

                                  Symbol Table

?_Read_ADC                cstackCOMRAM 000001
?___lwdiv                 cstackCOMRAM 000001
?___lwmod                 cstackCOMRAM 000009
?___wmul                  cstackCOMRAM 000001
?_sprintf                 cstackCOMRAM 00000F
DisplayResult@ADCVal      cstackCOMRAM 000025
DisplayResult@i           cstackCOMRAM 00003A
DisplayResult@tempv       cstackCOMRAM 000038
DisplayResult@text        cstackCOMRAM 000028
Read_ADC@Ch               cstackCOMRAM 000003
SendData@lcddata          cstackCOMRAM 000007
SendInstruction@command   cstackCOMRAM 000007
_ADCInit                  text12       007AF8
_ADCON0                   (abs)        000FC2
_ADCON1                   (abs)        000FC1
_ADCON2                   (abs)        000FC0
_ADRES                    (abs)        000FC3
_DisplayResult            text3        007D0A
_GODONE                   (abs)        007E11
_GO_DONE                  (abs)        007E11
_InitLCD                  text2        007B9E
_LATAbits                 (abs)        000F89
_LATB                     (abs)        000F8A
_Read_ADC                 text1        007B06
_SendData                 text10       007B24
_SendInstruction          text9        007B4C
_TRISAbits                (abs)        000F92
_TRISB                    (abs)        000F93
_TRISEbits                (abs)        000F96
__HRAM                    (abs)        000000
__Habs1                   abs1         000000
__Hbank0                  bank0        000000
__Hbank1                  bank1        000000
__Hbank2                  bank2        000000
__Hbank3                  bank3        000000
__Hbank4                  bank4        000000
__Hbank5                  bank5        000000
__Hbank6                  bank6        000000
__Hbank7                  bank7        000000
__Hbigbss                 bigbss       000000
__Hbigdata                bigdata      000000
__Hbigram                 bigram       000000
__Hbss                    bss          000000
__Hcinit                  cinit        000000
__Hclrtext                clrtext      000000
__Hcomram                 comram       000000
__Hconfig                 config       30000E
__Hconst                  const        000000
__HcstackCOMRAM           cstackCOMRAM 000000
__Hdata                   data         000000
__Heeprom_data            eeprom_data  000000
__Hend_init               end_init     000804
__Hfarbss                 farbss       000000
__Hfardata                fardata      000000
__Hibigdata               ibigdata     000000
__Hidata                  idata        000000
__Hidloc                  idloc        200008
__Hifardata               ifardata     000000
__Hinit                   init         000800
__Hintcode                intcode      000800
__Hintcode_body           intcode_body 000000
__Hintcodelo              intcodelo    000800
__Hintentry               intentry     000000
__Hintret                 intret       000000
__Hintsave_regs           intsave_regs 000000
__Hirdata                 irdata       000000
__Hmediumconst            mediumconst  000000
__HnvFARRAM               nvFARRAM     000000
__Hnvbit                  nvbit        000000
__Hnvrram                 nvrram       000000
__Hparam                  rparam       000000
__Hpowerup                powerup      000800
__Hram                    ram          000000
__Hramtop                 ramtop       000800
__Hrbit                   rbit         000000
__Hrbss                   rbss         000000
__Hrdata                  rdata        000000
__Hreset_vec              reset_vec    000800
__Hrparam                 rparam       000000
__Hsfr                    sfr          000000
__Hsmallconst             smallconst   000820
__Hstack                  stack        000000
__Hstruct                 struct       000000
__Htemp                   temp         000000
__Htext                   text         000000
__Htext0                  text0        000000
__Htext1                  text1        000000
__Htext10                 text10       000000
__Htext11                 text11       000000
__Htext12                 text12       000000
__Htext2                  text2        000000
__Htext3                  text3        000000
__Htext4                  text4        000000
__Htext5                  text5        000000
__Htext6                  text6        000000
__Htext7                  text7        000000
__Htext8                  text8        000000
__Htext9                  text9        000000
__LRAM                    (abs)        000001
__Labs1                   abs1         000000
__Lbank0                  bank0        000000
__Lbank1                  bank1        000000
__Lbank2                  bank2        000000
__Lbank3                  bank3        000000
__Lbank4                  bank4        000000
__Lbank5                  bank5        000000
__Lbank6                  bank6        000000
__Lbank7                  bank7        000000
__Lbigbss                 bigbss       000000
__Lbigdata                bigdata      000000
__Lbigram                 bigram       000000
__Lbss                    bss          000000
__Lcinit                  cinit        000000
__Lclrtext                clrtext      000000
__Lcomram                 comram       000000
__Lconfig                 config       300000
__Lconst                  const        000000
__LcstackCOMRAM           cstackCOMRAM 000000
__Ldata                   data         000000
__Leeprom_data            eeprom_data  000000
__Lend_init               end_init     000800
__Lfarbss                 farbss       000000
__Lfardata                fardata      000000
__Libigdata               ibigdata     000000
__Lidata                  idata        000000
__Lidloc                  idloc        200000
__Lifardata               ifardata     000000
__Linit                   init         000800
__Lintcode                intcode      000800
__Lintcode_body           intcode_body 000000
__Lintcodelo              intcodelo    000800
__Lintentry               intentry     000000
__Lintret                 intret       000000
__Lintsave_regs           intsave_regs 000000
__Lirdata                 irdata       000000
__Lmediumconst            mediumconst  000000
__LnvFARRAM               nvFARRAM     000000
__Lnvbit                  nvbit        000000
__Lnvrram                 nvrram       000000
__Lparam                  rparam       000000
__Lpowerup                powerup      000800
__Lram                    ram          000000
__Lramtop                 ramtop       000800
__Lrbit                   rbit         000000
__Lrbss                   rbss         000000
__Lrdata                  rdata        000000
__Lreset_vec              reset_vec    000800
__Lrparam                 rparam       000000
__Lsfr                    sfr          000000
__Lsmallconst             smallconst   000804
__Lstack                  stack        000000
__Lstruct                 struct       000000
__Ltemp                   temp         000000
__Ltext                   text         000000
__Ltext0                  text0        000000
__Ltext1                  text1        000000
__Ltext10                 text10       000000
__Ltext11                 text11       000000
__Ltext12                 text12       000000
__Ltext2                  text2        000000
__Ltext3                  text3        000000
__Ltext4                  text4        000000
__Ltext5                  text5        000000
__Ltext6                  text6        000000
__Ltext7                  text7        000000
__Ltext8                  text8        000000
__Ltext9                  text9        000000
__S0                      (abs)        30000E
__S1                      (abs)        00003D
__S2                      (abs)        000000
___inthi_sp               stack        000000
___intlo_sp               stack        000000
___lwdiv                  text8        007CB4
___lwdiv@counter          cstackCOMRAM 000008
___lwdiv@dividend         cstackCOMRAM 000001
___lwdiv@divisor          cstackCOMRAM 000003
___lwdiv@quotient         cstackCOMRAM 000006
___lwmod                  text7        007C6E
___lwmod@counter          cstackCOMRAM 00000E
___lwmod@dividend         cstackCOMRAM 000009
___lwmod@divisor          cstackCOMRAM 00000B
___sp                     stack        000000
___wmul                   text6        007C34
___wmul@multiplicand      cstackCOMRAM 000003
___wmul@multiplier        cstackCOMRAM 000001
___wmul@product           cstackCOMRAM 000005
__accesstop               (abs)        000060
__activetblptr            (abs)        000002
__end_of_ADCInit          text12       007B06
__end_of_DisplayResult    text3        007DAE
__end_of_InitLCD          text2        007BCA
__end_of_Read_ADC         text1        007B24
__end_of_SendData         text10       007B4C
__end_of_SendInstruction  text9        007B74
__end_of___lwdiv          text8        007D0A
__end_of___lwmod          text7        007CB4
__end_of___wmul           text6        007C6E
__end_of__initialization  cinit        007AEE
__end_of__stringdata      smallconst   00081F
__end_of_dpowers          smallconst   00080F
__end_of_isdigit          text5        007B9E
__end_of_lcd_delay        text11       007C34
__end_of_main             text0        007BFE
__end_of_sprintf          text4        008000
__initialization          cinit        007AEE
__mediumconst             mediumconst  000000
__pcinit                  cinit        007AEE
__pcstackCOMRAM           cstackCOMRAM 000001
__psmallconst             smallconst   000804
__ptext0                  text0        007BCA
__ptext1                  text1        007B06
__ptext10                 text10       007B24
__ptext11                 text11       007BFE
__ptext12                 text12       007AF8
__ptext2                  text2        007B9E
__ptext3                  text3        007D0A
__ptext4                  text4        007DAE
__ptext5                  text5        007B74
__ptext6                  text6        007C34
__ptext7                  text7        007C6E
__ptext8                  text8        007CB4
__ptext9                  text9        007B4C
__ramtop                  ramtop       000800
__size_of_ADCInit         (abs)        000000
__size_of_DisplayResult   (abs)        000000
__size_of_InitLCD         (abs)        000000
__size_of_Read_ADC        (abs)        000000
__size_of_SendData        (abs)        000000
__size_of_SendInstruction (abs)        000000
__size_of___lwdiv         (abs)        000000
__size_of___lwmod         (abs)        000000
__size_of___wmul          (abs)        000000
__size_of_isdigit         (abs)        000000
__size_of_lcd_delay       (abs)        000000
__size_of_main            (abs)        000000
__size_of_sprintf         (abs)        000000
__smallconst              smallconst   000804
__stringdata              smallconst   00080F
_dpowers                  smallconst   000805
_isdigit                  text5        007B74
_isdigit$498              cstackCOMRAM 000002
_lcd_delay                text11       007BFE
_main                     text0        007BCA
_sprintf                  text4        007DAE
end_of_initialization     cinit        007AEE
intlevel0                 text         000000
intlevel1                 text         000000
intlevel2                 text         000000
intlevel3                 text         000000
isdigit@c                 cstackCOMRAM 000003
lcd_delay@i               cstackCOMRAM 000003
lcd_delay@j               cstackCOMRAM 000005
lcd_delay@time            cstackCOMRAM 000001
main@Ch_result            cstackCOMRAM 00003B
sprintf@_val              cstackCOMRAM 00001D
sprintf@ap                cstackCOMRAM 000019
sprintf@c                 cstackCOMRAM 000024
sprintf@f                 cstackCOMRAM 000011
sprintf@flag              cstackCOMRAM 00001C
sprintf@prec              cstackCOMRAM 00001B
sprintf@sp                cstackCOMRAM 00000F
sprintf@width             cstackCOMRAM 000022
stackhi                   (abs)        0007FF
stacklo                   (abs)        000060
start                     init         000800
start_initialization      cinit        007AEE


FUNCTION INFORMATION:

 *************** function _main *****************
 Defined at:
		line 101 in file "ADC.c"
 Parameters:    Size  Location     Type
		None
 Auto vars:     Size  Location     Type
  Ch_result       2   58[COMRAM] unsigned short 
 Return value:  Size  Location     Type
		None               void
 Registers used:
		wreg, fsr2l, fsr2h, status,2, status,0, tblptrl, tblptrh, tblptru, prodl, prodh, cstack
 Tracked objects:
		On entry : 
		On exit  : 
		Unchanged: 
 Data sizes:     COMRAM   BANK0   BANK1   BANK2   BANK3   BANK4   BANK5   BANK6   BANK7
      Params:         0       0       0       0       0       0       0       0       0
      Locals:         2       0       0       0       0       0       0       0       0
      Temps:          0       0       0       0       0       0       0       0       0
      Totals:         2       0       0       0       0       0       0       0       0
Total ram usage:        2 bytes
 Hardware stack levels required when called:    3
 This function calls:
		_ADCInit
		_DisplayResult
		_InitLCD
		_Read_ADC
		_lcd_delay
 This function is called by:
		Startup code after reset
 This function uses a non-reentrant model


 *************** function _Read_ADC *****************
 Defined at:
		line 61 in file "ADC.c"
 Parameters:    Size  Location     Type
  Ch              1    wreg     unsigned char 
 Auto vars:     Size  Location     Type
  Ch              1    2[COMRAM] unsigned char 
 Return value:  Size  Location     Type
                  2    0[COMRAM] unsigned short 
 Registers used:
		wreg, status,2, status,0
 Tracked objects:
		On entry : 
		On exit  : 
		Unchanged: 
 Data sizes:     COMRAM   BANK0   BANK1   BANK2   BANK3   BANK4   BANK5   BANK6   BANK7
      Params:         2       0       0       0       0       0       0       0       0
      Locals:         1       0       0       0       0       0       0       0       0
      Temps:          0       0       0       0       0       0       0       0       0
      Totals:         3       0       0       0       0       0       0       0       0
Total ram usage:        3 bytes
 Hardware stack levels used:    1
 This function calls:
		Nothing
 This function is called by:
		_main
 This function uses a non-reentrant model


 *************** function _InitLCD *****************
 Defined at:
		line 38 in file "ADC.c"
 Parameters:    Size  Location     Type
		None
 Auto vars:     Size  Location     Type
		None
 Return value:  Size  Location     Type
		None               void
 Registers used:
		wreg, status,2, status,0, cstack
 Tracked objects:
		On entry : 
		On exit  : 
		Unchanged: 
 Data sizes:     COMRAM   BANK0   BANK1   BANK2   BANK3   BANK4   BANK5   BANK6   BANK7
      Params:         0       0       0       0       0       0       0       0       0
      Locals:         0       0       0       0       0       0       0       0       0
      Temps:          0       0       0       0       0       0       0       0       0
      Totals:         0       0       0       0       0       0       0       0       0
Total ram usage:        0 bytes
 Hardware stack levels used:    1
 Hardware stack levels required when called:    2
 This function calls:
		_SendInstruction
 This function is called by:
		_main
 This function uses a non-reentrant model


 *************** function _DisplayResult *****************
 Defined at:
		line 70 in file "ADC.c"
 Parameters:    Size  Location     Type
  ADCVal          2   36[COMRAM] unsigned short 
 Auto vars:     Size  Location     Type
  text           16   39[COMRAM] unsigned char [16]
  tempv           2   55[COMRAM] unsigned short 
  i               1   57[COMRAM] unsigned char 
 Return value:  Size  Location     Type
		None               void
 Registers used:
		wreg, fsr2l, fsr2h, status,2, status,0, tblptrl, tblptrh, tblptru, prodl, prodh, cstack
 Tracked objects:
		On entry : 
		On exit  : 
		Unchanged: 
 Data sizes:     COMRAM   BANK0   BANK1   BANK2   BANK3   BANK4   BANK5   BANK6   BANK7
      Params:         2       0       0       0       0       0       0       0       0
      Locals:        19       0       0       0       0       0       0       0       0
      Temps:          1       0       0       0       0       0       0       0       0
      Totals:        22       0       0       0       0       0       0       0       0
Total ram usage:       22 bytes
 Hardware stack levels used:    1
 Hardware stack levels required when called:    2
 This function calls:
		_SendData
		_SendInstruction
		___wmul
		_sprintf
 This function is called by:
		_main
 This function uses a non-reentrant model


 *************** function _sprintf *****************
 Defined at:
		line 492 in file "C:\Program Files\Microchip\xc8\v1.30\sources\common\doprnt.c"
 Parameters:    Size  Location     Type
  sp              2   14[COMRAM] PTR unsigned char 
		 -> DisplayResult@text(16), 
  f               2   16[COMRAM] PTR const unsigned char 
		 -> STR_1(16), 
 Auto vars:     Size  Location     Type
  _val            5   28[COMRAM] struct .
  width           2   33[COMRAM] int 
  ap              2   24[COMRAM] PTR void [1]
		 -> ?_sprintf(2), 
  c               1   35[COMRAM] char 
  flag            1   27[COMRAM] unsigned char 
  prec            1   26[COMRAM] char 
 Return value:  Size  Location     Type
                  2   14[COMRAM] int 
 Registers used:
		wreg, fsr2l, fsr2h, status,2, status,0, tblptrl, tblptrh, tblptru, prodl, prodh, cstack
 Tracked objects:
		On entry : 
		On exit  : 
		Unchanged: 
 Data sizes:     COMRAM   BANK0   BANK1   BANK2   BANK3   BANK4   BANK5   BANK6   BANK7
      Params:         6       0       0       0       0       0       0       0       0
      Locals:        12       0       0       0       0       0       0       0       0
      Temps:          4       0       0       0       0       0       0       0       0
      Totals:        22       0       0       0       0       0       0       0       0
Total ram usage:       22 bytes
 Hardware stack levels used:    1
 Hardware stack levels required when called:    1
 This function calls:
		___lwdiv
		___lwmod
		___wmul
		_isdigit
 This function is called by:
		_DisplayResult
 This function uses a non-reentrant model


 *************** function _isdigit *****************
 Defined at:
		line 8 in file "C:\Program Files\Microchip\xc8\v1.30\sources\common\isdigit.c"
 Parameters:    Size  Location     Type
  c               1    wreg     unsigned char 
 Auto vars:     Size  Location     Type
  c               1    2[COMRAM] unsigned char 
 Return value:  Size  Location     Type
		None               void
 Registers used:
		wreg, status,2, status,0
 Tracked objects:
		On entry : 
		On exit  : 
		Unchanged: 
 Data sizes:     COMRAM   BANK0   BANK1   BANK2   BANK3   BANK4   BANK5   BANK6   BANK7
      Params:         0       0       0       0       0       0       0       0       0
      Locals:         2       0       0       0       0       0       0       0       0
      Temps:          1       0       0       0       0       0       0       0       0
      Totals:         3       0       0       0       0       0       0       0       0
Total ram usage:        3 bytes
 Hardware stack levels used:    1
 This function calls:
		Nothing
 This function is called by:
		_sprintf
 This function uses a non-reentrant model


 *************** function ___wmul *****************
 Defined at:
		line 4 in file "C:\Program Files\Microchip\xc8\v1.30\sources\common\wmul.c"
 Parameters:    Size  Location     Type
  multiplier      2    0[COMRAM] unsigned int 
  multiplicand    2    2[COMRAM] unsigned int 
 Auto vars:     Size  Location     Type
  product         2    4[COMRAM] unsigned int 
 Return value:  Size  Location     Type
                  2    0[COMRAM] unsigned int 
 Registers used:
		wreg, status,2, status,0, prodl, prodh
 Tracked objects:
		On entry : 
		On exit  : 
		Unchanged: 
 Data sizes:     COMRAM   BANK0   BANK1   BANK2   BANK3   BANK4   BANK5   BANK6   BANK7
      Params:         4       0       0       0       0       0       0       0       0
      Locals:         2       0       0       0       0       0       0       0       0
      Temps:          0       0       0       0       0       0       0       0       0
      Totals:         6       0       0       0       0       0       0       0       0
Total ram usage:        6 bytes
 Hardware stack levels used:    1
 This function calls:
		Nothing
 This function is called by:
		_DisplayResult
		_sprintf
 This function uses a non-reentrant model


 *************** function ___lwmod *****************
 Defined at:
		line 8 in file "C:\Program Files\Microchip\xc8\v1.30\sources\common\lwmod.c"
 Parameters:    Size  Location     Type
  dividend        2    8[COMRAM] unsigned int 
  divisor         2   10[COMRAM] unsigned int 
 Auto vars:     Size  Location     Type
  counter         1   13[COMRAM] unsigned char 
 Return value:  Size  Location     Type
                  2    8[COMRAM] unsigned int 
 Registers used:
		wreg, status,2, status,0
 Tracked objects:
		On entry : 
		On exit  : 
		Unchanged: 
 Data sizes:     COMRAM   BANK0   BANK1   BANK2   BANK3   BANK4   BANK5   BANK6   BANK7
      Params:         4       0       0       0       0       0       0       0       0
      Locals:         1       0       0       0       0       0       0       0       0
      Temps:          1       0       0       0       0       0       0       0       0
      Totals:         6       0       0       0       0       0       0       0       0
Total ram usage:        6 bytes
 Hardware stack levels used:    1
 This function calls:
		Nothing
 This function is called by:
		_sprintf
 This function uses a non-reentrant model


 *************** function ___lwdiv *****************
 Defined at:
		line 8 in file "C:\Program Files\Microchip\xc8\v1.30\sources\common\lwdiv.c"
 Parameters:    Size  Location     Type
  dividend        2    0[COMRAM] unsigned int 
  divisor         2    2[COMRAM] unsigned int 
 Auto vars:     Size  Location     Type
  quotient        2    5[COMRAM] unsigned int 
  counter         1    7[COMRAM] unsigned char 
 Return value:  Size  Location     Type
                  2    0[COMRAM] unsigned int 
 Registers used:
		wreg, status,2, status,0
 Tracked objects:
		On entry : 
		On exit  : 
		Unchanged: 
 Data sizes:     COMRAM   BANK0   BANK1   BANK2   BANK3   BANK4   BANK5   BANK6   BANK7
      Params:         4       0       0       0       0       0       0       0       0
      Locals:         3       0       0       0       0       0       0       0       0
      Temps:          1       0       0       0       0       0       0       0       0
      Totals:         8       0       0       0       0       0       0       0       0
Total ram usage:        8 bytes
 Hardware stack levels used:    1
 This function calls:
		Nothing
 This function is called by:
		_sprintf
 This function uses a non-reentrant model


 *************** function _SendInstruction *****************
 Defined at:
		line 18 in file "ADC.c"
 Parameters:    Size  Location     Type
  command         1    wreg     unsigned char 
 Auto vars:     Size  Location     Type
  command         1    6[COMRAM] unsigned char 
 Return value:  Size  Location     Type
		None               void
 Registers used:
		wreg, status,2, status,0, cstack
 Tracked objects:
		On entry : 
		On exit  : 
		Unchanged: 
 Data sizes:     COMRAM   BANK0   BANK1   BANK2   BANK3   BANK4   BANK5   BANK6   BANK7
      Params:         0       0       0       0       0       0       0       0       0
      Locals:         1       0       0       0       0       0       0       0       0
      Temps:          0       0       0       0       0       0       0       0       0
      Totals:         1       0       0       0       0       0       0       0       0
Total ram usage:        1 bytes
 Hardware stack levels used:    1
 Hardware stack levels required when called:    1
 This function calls:
		_lcd_delay
 This function is called by:
		_InitLCD
		_DisplayResult
 This function uses a non-reentrant model


 *************** function _SendData *****************
 Defined at:
		line 28 in file "ADC.c"
 Parameters:    Size  Location     Type
  lcddata         1    wreg     unsigned char 
 Auto vars:     Size  Location     Type
  lcddata         1    6[COMRAM] unsigned char 
 Return value:  Size  Location     Type
		None               void
 Registers used:
		wreg, status,2, status,0, cstack
 Tracked objects:
		On entry : 
		On exit  : 
		Unchanged: 
 Data sizes:     COMRAM   BANK0   BANK1   BANK2   BANK3   BANK4   BANK5   BANK6   BANK7
      Params:         0       0       0       0       0       0       0       0       0
      Locals:         1       0       0       0       0       0       0       0       0
      Temps:          0       0       0       0       0       0       0       0       0
      Totals:         1       0       0       0       0       0       0       0       0
Total ram usage:        1 bytes
 Hardware stack levels used:    1
 Hardware stack levels required when called:    1
 This function calls:
		_lcd_delay
 This function is called by:
		_DisplayResult
 This function uses a non-reentrant model


 *************** function _lcd_delay *****************
 Defined at:
		line 7 in file "ADC.c"
 Parameters:    Size  Location     Type
  time            2    0[COMRAM] unsigned int 
 Auto vars:     Size  Location     Type
  j               2    4[COMRAM] unsigned int 
  i               2    2[COMRAM] unsigned int 
 Return value:  Size  Location     Type
		None               void
 Registers used:
		wreg, status,2, status,0
 Tracked objects:
		On entry : 
		On exit  : 
		Unchanged: 
 Data sizes:     COMRAM   BANK0   BANK1   BANK2   BANK3   BANK4   BANK5   BANK6   BANK7
      Params:         2       0       0       0       0       0       0       0       0
      Locals:         4       0       0       0       0       0       0       0       0
      Temps:          0       0       0       0       0       0       0       0       0
      Totals:         6       0       0       0       0       0       0       0       0
Total ram usage:        6 bytes
 Hardware stack levels used:    1
 This function calls:
		Nothing
 This function is called by:
		_SendInstruction
		_SendData
		_main
 This function uses a non-reentrant model


 *************** function _ADCInit *****************
 Defined at:
		line 52 in file "ADC.c"
 Parameters:    Size  Location     Type
		None
 Auto vars:     Size  Location     Type
		None
 Return value:  Size  Location     Type
		None               void
 Registers used:
		wreg, status,2
 Tracked objects:
		On entry : 
		On exit  : 
		Unchanged: 
 Data sizes:     COMRAM   BANK0   BANK1   BANK2   BANK3   BANK4   BANK5   BANK6   BANK7
      Params:         0       0       0       0       0       0       0       0       0
      Locals:         0       0       0       0       0       0       0       0       0
      Temps:          0       0       0       0       0       0       0       0       0
      Totals:         0       0       0       0       0       0       0       0       0
Total ram usage:        0 bytes
 Hardware stack levels used:    1
 This function calls:
		Nothing
 This function is called by:
		_main
 This function uses a non-reentrant model



MODULE INFORMATION

Module		Function		Class		Link	Load	Size
C:\Program Files\Microchip\xc8\v1.30\sources\common\lwdiv.c
		___lwdiv       		CODE           	7CB4	0000	86

C:\Program Files\Microchip\xc8\v1.30\sources\common\lwdiv.c estimated size: 86

ADC.c
		_lcd_delay     		CODE           	7BFE	0000	54
		_ADCInit       		CODE           	7AF8	0000	14
		_main          		CODE           	7BCA	0000	52
		_SendData      		CODE           	7B24	0000	40
		_Read_ADC      		CODE           	7B06	0000	30
		_SendInstructio		CODE           	7B4C	0000	40
		_InitLCD       		CODE           	7B9E	0000	44
		_DisplayResult 		CODE           	7D0A	0000	164

ADC.c estimated size: 438

C:\Program Files\Microchip\xc8\v1.30\sources\common\wmul.c
		___wmul        		CODE           	7C34	0000	58

C:\Program Files\Microchip\xc8\v1.30\sources\common\wmul.c estimated size: 58

shared
		__stringdata   		SMALLCONST     	080F	0000	16
		_dpowers       		SMALLCONST     	0805	0000	10
		__initializatio		CODE           	7AEE	0000	0

shared estimated size: 26

C:\Program Files\Microchip\xc8\v1.30\sources\common\doprnt.c
		_sprintf       		CODE           	7DAE	0000	594

C:\Program Files\Microchip\xc8\v1.30\sources\common\doprnt.c estimated size: 594

C:\Program Files\Microchip\xc8\v1.30\sources\common\isdigit.c
		_isdigit       		CODE           	7B74	0000	42

C:\Program Files\Microchip\xc8\v1.30\sources\common\isdigit.c estimated size: 42

C:\Program Files\Microchip\xc8\v1.30\sources\common\lwmod.c
		___lwmod       		CODE           	7C6E	0000	70

C:\Program Files\Microchip\xc8\v1.30\sources\common\lwmod.c estimated size: 70

